Archive member included because of file (symbol)

ym/microbit-dal/source/microbit-dal.a(MicroBitDevice.cpp.o)
                              source/CMakeFiles/bitlogo-vm.dir/Users/brian/files/projects/bitlogo-fvm/source/lib.cpp.o (ble_running())
ym/microbit-dal/source/microbit-dal.a(MicroBitFiber.cpp.o)
                              source/CMakeFiles/bitlogo-vm.dir/Users/brian/files/projects/bitlogo-fvm/source/main.cpp.o (scheduler_init(EventModel&))
ym/microbit-dal/source/microbit-dal.a(MicroBitFont.cpp.o)
                              source/CMakeFiles/bitlogo-vm.dir/Users/brian/files/projects/bitlogo-fvm/source/lib.cpp.o (MicroBitFont::MicroBitFont(unsigned char const*, int))
ym/microbit-dal/source/microbit-dal.a(MicroBitHeapAllocator.cpp.o)
                              source/CMakeFiles/bitlogo-vm.dir/Users/brian/files/projects/bitlogo-fvm/source/main.cpp.o (microbit_create_heap(unsigned long, unsigned long))
ym/microbit-dal/source/microbit-dal.a(MicroBitListener.cpp.o)
                              ym/microbit-dal/source/microbit-dal.a(MicroBitFiber.cpp.o) (MicroBitListener::MicroBitListener(unsigned short, unsigned short, void (*)(MicroBitEvent), unsigned short))
ym/microbit-dal/source/microbit-dal.a(MicroBitSystemTimer.cpp.o)
                              source/CMakeFiles/bitlogo-vm.dir/Users/brian/files/projects/bitlogo-fvm/source/lib.cpp.o (system_timer_current_time())
ym/microbit-dal/source/microbit-dal.a(ManagedString.cpp.o)
                              source/CMakeFiles/bitlogo-vm.dir/Users/brian/files/projects/bitlogo-fvm/source/lib.cpp.o (ManagedString::~ManagedString())
ym/microbit-dal/source/microbit-dal.a(MicroBitEvent.cpp.o)
                              ym/microbit-dal/source/microbit-dal.a(MicroBitListener.cpp.o) (MicroBitEvent::MicroBitEvent())
ym/microbit-dal/source/microbit-dal.a(PacketBuffer.cpp.o)
                              ym/microbit-dal/source/microbit-dal.a(ManagedString.cpp.o) (PacketBuffer::getBytes())
ym/microbit-dal/source/microbit-dal.a(RefCounted.cpp.o)
                              ym/microbit-dal/source/microbit-dal.a(ManagedString.cpp.o) (RefCounted::init())
ym/microbit-dal/source/microbit-dal.a(MicroBitAccelerometer.cpp.o)
                              source/CMakeFiles/bitlogo-vm.dir/Users/brian/files/projects/bitlogo-fvm/source/lib.cpp.o (MicroBitAccelerometer::~MicroBitAccelerometer())
ym/microbit-dal/source/microbit-dal.a(MicroBitButton.cpp.o)
                              source/CMakeFiles/bitlogo-vm.dir/Users/brian/files/projects/bitlogo-fvm/source/lib.cpp.o (MicroBitButton::~MicroBitButton())
ym/microbit-dal/source/microbit-dal.a(MicroBitDisplay.cpp.o)
                              source/CMakeFiles/bitlogo-vm.dir/Users/brian/files/projects/bitlogo-fvm/source/lib.cpp.o (MicroBitDisplay::~MicroBitDisplay())
ym/microbit-dal/source/microbit-dal.a(MicroBitI2C.cpp.o)
                              source/CMakeFiles/bitlogo-vm.dir/Users/brian/files/projects/bitlogo-fvm/source/lib.cpp.o (MicroBitI2C::MicroBitI2C(PinName, PinName))
ym/microbit-dal/source/microbit-dal.a(MicroBitLightSensor.cpp.o)
                              ym/microbit-dal/source/microbit-dal.a(MicroBitDisplay.cpp.o) (MicroBitLightSensor::read())
ym/microbit-dal/source/microbit-dal.a(MicroBitMessageBus.cpp.o)
                              source/CMakeFiles/bitlogo-vm.dir/Users/brian/files/projects/bitlogo-fvm/source/main.cpp.o (MicroBitMessageBus::~MicroBitMessageBus())
ym/microbit-dal/source/microbit-dal.a(MicroBitRadio.cpp.o)
                              source/CMakeFiles/bitlogo-vm.dir/Users/brian/files/projects/bitlogo-fvm/source/lib.cpp.o (MicroBitRadio::MicroBitRadio(unsigned short))
ym/microbit-dal/source/microbit-dal.a(MicroBitRadioDatagram.cpp.o)
                              ym/microbit-dal/source/microbit-dal.a(MicroBitRadio.cpp.o) (MicroBitRadioDatagram::MicroBitRadioDatagram(MicroBitRadio&))
ym/microbit-dal/source/microbit-dal.a(MicroBitRadioEvent.cpp.o)
                              ym/microbit-dal/source/microbit-dal.a(MicroBitRadio.cpp.o) (MicroBitRadioEvent::MicroBitRadioEvent(MicroBitRadio&))
ym/microbit-dal/source/microbit-dal.a(MicroBitSerial.cpp.o)
                              source/CMakeFiles/bitlogo-vm.dir/Users/brian/files/projects/bitlogo-fvm/source/main.cpp.o (MicroBitSerial::baud(int))
ym/microbit-dal/source/microbit-dal.a(MicroBitStorage.cpp.o)
                              source/CMakeFiles/bitlogo-vm.dir/Users/brian/files/projects/bitlogo-fvm/source/lib.cpp.o (MicroBitStorage::flashPageErase(unsigned long*))
ym/microbit-dal/source/microbit-dal.a(MicroBitFlash.cpp.o)
                              source/CMakeFiles/bitlogo-vm.dir/Users/brian/files/projects/bitlogo-fvm/source/main.cpp.o (MicroBitFlash::MicroBitFlash())
ym/microbit-dal/source/microbit-dal.a(MicroBitBLEManager.cpp.o)
                              source/CMakeFiles/bitlogo-vm.dir/Users/brian/files/projects/bitlogo-fvm/source/main.cpp.o (MicroBitBLEManager::MicroBitBLEManager(MicroBitStorage&))
[...]
Memory Configuration

Name             Origin             Length             Attributes
FLASH            0x0000000000018000 0x0000000000028000 xr
RAM              0x0000000020002000 0x0000000000002000 xrw
*default*        0x0000000000000000 0xffffffffffffffff

Linker script and memory map

LOAD /Applications/yotta.app/Contents/Resources/prerequisites/gcc-arm-none-eabi-4_9-2015q3/bin/../lib/gcc/arm-none-eabi/4.9.3/armv6-m/crti.o
LOAD /Applications/yotta.app/Contents/Resources/prerequisites/gcc-arm-none-eabi-4_9-2015q3/bin/../lib/gcc/arm-none-eabi/4.9.3/armv6-m/crtbegin.o
LOAD /Applications/yotta.app/Contents/Resources/prerequisites/gcc-arm-none-eabi-4_9-2015q3/bin/../lib/gcc/arm-none-eabi/4.9.3/../../../../arm-none-eabi/lib/armv6-m/crt0.o
START GROUP
LOAD source/CMakeFiles/bitlogo-vm.dir/Users/brian/files/projects/bitlogo-fvm/source/vm.cpp.o
LOAD source/CMakeFiles/bitlogo-vm.dir/Users/brian/files/projects/bitlogo-fvm/source/shapes.cpp.o
LOAD source/CMakeFiles/bitlogo-vm.dir/Users/brian/files/projects/bitlogo-fvm/source/MicroBitTicker.cpp.o
LOAD source/CMakeFiles/bitlogo-vm.dir/Users/brian/files/projects/bitlogo-fvm/source/lib.cpp.o
LOAD source/CMakeFiles/bitlogo-vm.dir/Users/brian/files/projects/bitlogo-fvm/source/main.cpp.o
LOAD ym/microbit/source/microbit.a
LOAD ym/microbit-dal/source/microbit-dal.a
LOAD ym/ble/source/ble.a
LOAD ym/ble-nrf51822/source/ble-nrf51822.a
LOAD ym/ble/source/ble.a
LOAD ym/ble-nrf51822/source/ble-nrf51822.a
LOAD ym/nrf51-sdk/source/nrf51-sdk.a
LOAD ym/mbed-classic/existing/mbed-classic.a
LOAD /Applications/yotta.app/Contents/Resources/prerequisites/gcc-arm-none-eabi-4_9-2015q3/bin/../lib/gcc/arm-none-eabi/4.9.3/../../../../arm-none-eabi/lib/armv6-m/libnosys.a
LOAD /Applications/yotta.app/Contents/Resources/prerequisites/gcc-arm-none-eabi-4_9-2015q3/bin/../lib/gcc/arm-none-eabi/4.9.3/../../../../arm-none-eabi/lib/armv6-m/libstdc++_nano.a
LOAD /Applications/yotta.app/Contents/Resources/prerequisites/gcc-arm-none-eabi-4_9-2015q3/bin/../lib/gcc/arm-none-eabi/4.9.3/../../../../arm-none-eabi/lib/armv6-m/libsupc++_nano.a
LOAD /Applications/yotta.app/Contents/Resources/prerequisites/gcc-arm-none-eabi-4_9-2015q3/bin/../lib/gcc/arm-none-eabi/4.9.3/armv6-m/libgcc.a
LOAD /Applications/yotta.app/Contents/Resources/prerequisites/gcc-arm-none-eabi-4_9-2015q3/bin/../lib/gcc/arm-none-eabi/4.9.3/../../../../arm-none-eabi/lib/armv6-m/libstdc++_nano.a
LOAD /Applications/yotta.app/Contents/Resources/prerequisites/gcc-arm-none-eabi-4_9-2015q3/bin/../lib/gcc/arm-none-eabi/4.9.3/../../../../arm-none-eabi/lib/armv6-m/libsupc++_nano.a
LOAD /Applications/yotta.app/Contents/Resources/prerequisites/gcc-arm-none-eabi-4_9-2015q3/bin/../lib/gcc/arm-none-eabi/4.9.3/../../../../arm-none-eabi/lib/armv6-m/libm.a
LOAD /Applications/yotta.app/Contents/Resources/prerequisites/gcc-arm-none-eabi-4_9-2015q3/bin/../lib/gcc/arm-none-eabi/4.9.3/../../../../arm-none-eabi/lib/armv6-m/libc_nano.a
LOAD /Applications/yotta.app/Contents/Resources/prerequisites/gcc-arm-none-eabi-4_9-2015q3/bin/../lib/gcc/arm-none-eabi/4.9.3/armv6-m/libgcc.a
END GROUP
LOAD /Applications/yotta.app/Contents/Resources/prerequisites/gcc-arm-none-eabi-4_9-2015q3/bin/../lib/gcc/arm-none-eabi/4.9.3/../../../../arm-none-eabi/lib/armv6-m/libstdc++_nano.a
LOAD /Applications/yotta.app/Contents/Resources/prerequisites/gcc-arm-none-eabi-4_9-2015q3/bin/../lib/gcc/arm-none-eabi/4.9.3/../../../../arm-none-eabi/lib/armv6-m/libm.a
LOAD /Applications/yotta.app/Contents/Resources/prerequisites/gcc-arm-none-eabi-4_9-2015q3/bin/../lib/gcc/arm-none-eabi/4.9.3/../../../../arm-none-eabi/lib/armv6-m/libc_nano.a
START GROUP
LOAD /Applications/yotta.app/Contents/Resources/prerequisites/gcc-arm-none-eabi-4_9-2015q3/bin/../lib/gcc/arm-none-eabi/4.9.3/armv6-m/libgcc.a
LOAD /Applications/yotta.app/Contents/Resources/prerequisites/gcc-arm-none-eabi-4_9-2015q3/bin/../lib/gcc/arm-none-eabi/4.9.3/../../../../arm-none-eabi/lib/armv6-m/libc_nano.a
END GROUP
START GROUP
LOAD /Applications/yotta.app/Contents/Resources/prerequisites/gcc-arm-none-eabi-4_9-2015q3/bin/../lib/gcc/arm-none-eabi/4.9.3/armv6-m/libgcc.a
LOAD /Applications/yotta.app/Contents/Resources/prerequisites/gcc-arm-none-eabi-4_9-2015q3/bin/../lib/gcc/arm-none-eabi/4.9.3/../../../../arm-none-eabi/lib/armv6-m/libc_nano.a
END GROUP
LOAD /Applications/yotta.app/Contents/Resources/prerequisites/gcc-arm-none-eabi-4_9-2015q3/bin/../lib/gcc/arm-none-eabi/4.9.3/armv6-m/crtend.o
LOAD /Applications/yotta.app/Contents/Resources/prerequisites/gcc-arm-none-eabi-4_9-2015q3/bin/../lib/gcc/arm-none-eabi/4.9.3/armv6-m/crtn.o

.text           0x0000000000018000     0xe8a0
 *(SORT(.Vectors))
 .Vectors       0x0000000000018000       0xc0 ym/mbed-classic/existing/mbed-classic.a(startup_NRF51822.S.obj)
                0x0000000000018000                __Vectors
 *(SORT(.text*))
 .text          0x00000000000180c0       0x60 /Applications/yotta.app/Contents/Resources/prerequisites/gcc-arm-none-eabi-4_9-2015q3/bin/../lib/gcc/arm-none-eabi/4.9.3/armv6-m/crtbegin.o
 .text          0x0000000000018120       0x78 /Applications/yotta.app/Contents/Resources/prerequisites/gcc-arm-none-eabi-4_9-2015q3/bin/../lib/gcc/arm-none-eabi/4.9.3/../../../../arm-none-eabi/lib/armv6-m/crt0.o
                0x0000000000018120                _mainCRTStartup
                0x0000000000018120                _start
 .text._Z9eval_bytev
                0x0000000000018198       0x20 source/CMakeFiles/bitlogo-vm.dir/Users/brian/files/projects/bitlogo-fvm/source/vm.cpp.o
                0x0000000000018198                eval_byte()
 .text._Z8eval_numv
                0x00000000000181b8       0x40 source/CMakeFiles/bitlogo-vm.dir/Users/brian/files/projects/bitlogo-fvm/source/vm.cpp.o
                0x00000000000181b8                eval_num()
 .text._Z9eval_listv
                0x00000000000181f8       0x28 source/CMakeFiles/bitlogo-vm.dir/Users/brian/files/projects/bitlogo-fvm/source/vm.cpp.o
                0x00000000000181f8                eval_list()
 .text._Z9eval_ufunv
                0x0000000000018220       0x64 source/CMakeFiles/bitlogo-vm.dir/Users/brian/files/projects/bitlogo-fvm/source/vm.cpp.o
                0x0000000000018220                eval_ufun()
 .text._Z11eval_libfcnv
                0x0000000000018284       0x54 source/CMakeFiles/bitlogo-vm.dir/Users/brian/files/projects/bitlogo-fvm/source/vm.cpp.o
                0x0000000000018284                eval_libfcn()
 .text._Z12eval_libfcnrv
                0x00000000000182d8       0x60 source/CMakeFiles/bitlogo-vm.dir/Users/brian/files/projects/bitlogo-fvm/source/vm.cpp.o
                0x00000000000182d8                eval_libfcnr()
 .text._Z9prim_stopv
                0x0000000000018338       0x34 source/CMakeFiles/bitlogo-vm.dir/Users/brian/files/projects/bitlogo-fvm/source/vm.cpp.o
                0x0000000000018338                prim_stop()
 .text._Z11prim_outputv
                0x000000000001836c       0x3c source/CMakeFiles/bitlogo-vm.dir/Users/brian/files/projects/bitlogo-fvm/source/vm.cpp.o
                0x000000000001836c                prim_output()
 .text._Z9prim_callv
                0x00000000000183a8       0x58 source/CMakeFiles/bitlogo-vm.dir/Users/brian/files/projects/bitlogo-fvm/source/vm.cpp.o
                0x00000000000183a8                prim_call()
 .text._Z8prim_runv
                0x0000000000018400       0x24 source/CMakeFiles/bitlogo-vm.dir/Users/brian/files/projects/bitlogo-fvm/source/vm.cpp.o
                0x0000000000018400                prim_run()
 .text._Z13prim_runmacrov
                0x0000000000018424       0x38 source/CMakeFiles/bitlogo-vm.dir/Users/brian/files/projects/bitlogo-fvm/source/vm.cpp.o
                0x0000000000018424                prim_runmacro()
 .text._Z9prim_loopv
                0x000000000001845c       0x20 source/CMakeFiles/bitlogo-vm.dir/Users/brian/files/projects/bitlogo-fvm/source/vm.cpp.o
                0x000000000001845c                prim_loop()
 .text._Z7prim_ifv
                0x000000000001847c       0x30 source/CMakeFiles/bitlogo-vm.dir/Users/brian/files/projects/bitlogo-fvm/source/vm.cpp.o
                0x000000000001847c                prim_if()
 .text._Z11prim_ifelsev
                0x00000000000184ac       0x34 source/CMakeFiles/bitlogo-vm.dir/Users/brian/files/projects/bitlogo-fvm/source/vm.cpp.o
                0x00000000000184ac                prim_ifelse()
 .text._Z14prim_waituntilv
                0x00000000000184e0       0x20 source/CMakeFiles/bitlogo-vm.dir/Users/brian/files/projects/bitlogo-fvm/source/vm.cpp.o
                0x00000000000184e0                prim_waituntil()
 .text._Z11prim_gwritev
                0x0000000000018500       0x20 source/CMakeFiles/bitlogo-vm.dir/Users/brian/files/projects/bitlogo-fvm/source/vm.cpp.o
                0x0000000000018500                prim_gwrite()
 .text._Z10prim_greadv
                0x0000000000018520       0x1c source/CMakeFiles/bitlogo-vm.dir/Users/brian/files/projects/bitlogo-fvm/source/vm.cpp.o
                0x0000000000018520                prim_gread()
 .text._Z8prim_sumv
                0x000000000001853c       0x1c source/CMakeFiles/bitlogo-vm.dir/Users/brian/files/projects/bitlogo-fvm/source/vm.cpp.o
                0x000000000001853c                prim_sum()
 .text._Z15prim_differencev
                0x0000000000018558       0x1c source/CMakeFiles/bitlogo-vm.dir/Users/brian/files/projects/bitlogo-fvm/source/vm.cpp.o
                0x0000000000018558                prim_difference()
 .text._Z12prim_productv
                0x0000000000018574       0x1c source/CMakeFiles/bitlogo-vm.dir/Users/brian/files/projects/bitlogo-fvm/source/vm.cpp.o
                0x0000000000018574                prim_product()
 .text._Z13prim_quotientv
                0x0000000000018590       0x1c source/CMakeFiles/bitlogo-vm.dir/Users/brian/files/projects/bitlogo-fvm/source/vm.cpp.o
                0x0000000000018590                prim_quotient()
 .text._Z8prim_modv
                0x00000000000185ac       0x24 source/CMakeFiles/bitlogo-vm.dir/Users/brian/files/projects/bitlogo-fvm/source/vm.cpp.o
                0x00000000000185ac                prim_mod()
 .text._Z11prim_extendv
                0x00000000000185d0       0x14 source/CMakeFiles/bitlogo-vm.dir/Users/brian/files/projects/bitlogo-fvm/source/vm.cpp.o
                0x00000000000185d0                prim_extend()
 .text._Z12prim_extendbv
                0x00000000000185e4       0x14 source/CMakeFiles/bitlogo-vm.dir/Users/brian/files/projects/bitlogo-fvm/source/vm.cpp.o
                0x00000000000185e4                prim_extendb()
 .text._Z10prim_equalv
                0x00000000000185f8       0x20 source/CMakeFiles/bitlogo-vm.dir/Users/brian/files/projects/bitlogo-fvm/source/vm.cpp.o
                0x00000000000185f8                prim_equal()
 .text._Z7prim_nev
                0x0000000000018618       0x20 source/CMakeFiles/bitlogo-vm.dir/Users/brian/files/projects/bitlogo-fvm/source/vm.cpp.o
                0x0000000000018618                prim_ne()
 .text._Z12prim_greaterv
                0x0000000000018638       0x20 source/CMakeFiles/bitlogo-vm.dir/Users/brian/files/projects/bitlogo-fvm/source/vm.cpp.o
                0x0000000000018638                prim_greater()
 .text._Z9prim_lessv
                0x0000000000018658       0x20 source/CMakeFiles/bitlogo-vm.dir/Users/brian/files/projects/bitlogo-fvm/source/vm.cpp.o
                0x0000000000018658                prim_less()
 .text._Z8prim_andv
                0x0000000000018678       0x1c source/CMakeFiles/bitlogo-vm.dir/Users/brian/files/projects/bitlogo-fvm/source/vm.cpp.o
                0x0000000000018678                prim_and()
 .text._Z7prim_orv
                0x0000000000018694       0x1c source/CMakeFiles/bitlogo-vm.dir/Users/brian/files/projects/bitlogo-fvm/source/vm.cpp.o
                0x0000000000018694                prim_or()
 .text._Z8prim_xorv
                0x00000000000186b0       0x1c source/CMakeFiles/bitlogo-vm.dir/Users/brian/files/projects/bitlogo-fvm/source/vm.cpp.o
                0x00000000000186b0                prim_xor()
 .text._Z8prim_notv
                0x00000000000186cc       0x1c source/CMakeFiles/bitlogo-vm.dir/Users/brian/files/projects/bitlogo-fvm/source/vm.cpp.o
                0x00000000000186cc                prim_not()
 .text._Z8prim_lslv
                0x00000000000186e8       0x28 source/CMakeFiles/bitlogo-vm.dir/Users/brian/files/projects/bitlogo-fvm/source/vm.cpp.o
                0x00000000000186e8                prim_lsl()
 .text._Z10prim_readbv
                0x0000000000018710       0x18 source/CMakeFiles/bitlogo-vm.dir/Users/brian/files/projects/bitlogo-fvm/source/vm.cpp.o
                0x0000000000018710                prim_readb()
 .text._Z11prim_writebv
                0x0000000000018728       0x18 source/CMakeFiles/bitlogo-vm.dir/Users/brian/files/projects/bitlogo-fvm/source/vm.cpp.o
                0x0000000000018728                prim_writeb()
 .text._Z10prim_readhv
                0x0000000000018740       0x14 source/CMakeFiles/bitlogo-vm.dir/Users/brian/files/projects/bitlogo-fvm/source/vm.cpp.o
                0x0000000000018740                prim_readh()
 .text._Z11prim_writehv
                0x0000000000018754       0x18 source/CMakeFiles/bitlogo-vm.dir/Users/brian/files/projects/bitlogo-fvm/source/vm.cpp.o
                0x0000000000018754                prim_writeh()
 .text._Z9prim_readv
                0x000000000001876c       0x14 source/CMakeFiles/bitlogo-vm.dir/Users/brian/files/projects/bitlogo-fvm/source/vm.cpp.o
                0x000000000001876c                prim_read()
 .text._Z10prim_writev
                0x0000000000018780       0x18 source/CMakeFiles/bitlogo-vm.dir/Users/brian/files/projects/bitlogo-fvm/source/vm.cpp.o
                0x0000000000018780                prim_write()
 .text._Z7prim_spv
                0x0000000000018798       0x10 source/CMakeFiles/bitlogo-vm.dir/Users/brian/files/projects/bitlogo-fvm/source/vm.cpp.o
                0x0000000000018798                prim_sp()
 .text._Z6run_vmPh
                0x00000000000187a8       0x50 source/CMakeFiles/bitlogo-vm.dir/Users/brian/files/projects/bitlogo-fvm/source/vm.cpp.o
                0x00000000000187a8                run_vm(unsigned char*)
 .text._Z9vm_run_ccv
                0x00000000000187f8       0x10 source/CMakeFiles/bitlogo-vm.dir/Users/brian/files/projects/bitlogo-fvm/source/vm.cpp.o
                0x00000000000187f8                vm_run_cc()
 .text._Z17get_local_addressv
                0x0000000000018808       0x30 source/CMakeFiles/bitlogo-vm.dir/Users/brian/files/projects/bitlogo-fvm/source/vm.cpp.o
                0x0000000000018808                get_local_address()
 .text._Z11eval_lthingv
                0x0000000000018838       0x18 source/CMakeFiles/bitlogo-vm.dir/Users/brian/files/projects/bitlogo-fvm/source/vm.cpp.o
                0x0000000000018838                eval_lthing()
 .text._Z10eval_lmakev
                0x0000000000018850       0x18 source/CMakeFiles/bitlogo-vm.dir/Users/brian/files/projects/bitlogo-fvm/source/vm.cpp.o
                0x0000000000018850                eval_lmake()
 .text._Z12eol_runmacrov
                0x0000000000018868       0x24 source/CMakeFiles/bitlogo-vm.dir/Users/brian/files/projects/bitlogo-fvm/source/vm.cpp.o
                0x0000000000018868                eol_runmacro()
 .text._Z10eol_repeatv
                0x000000000001888c       0x3c source/CMakeFiles/bitlogo-vm.dir/Users/brian/files/projects/bitlogo-fvm/source/vm.cpp.o
                0x000000000001888c                eol_repeat()
 .text._Z8eval_eolv
                0x00000000000188c8       0x40 source/CMakeFiles/bitlogo-vm.dir/Users/brian/files/projects/bitlogo-fvm/source/vm.cpp.o
                0x00000000000188c8                eval_eol()
 .text._Z11prim_repeatv
                0x0000000000018908       0x20 source/CMakeFiles/bitlogo-vm.dir/Users/brian/files/projects/bitlogo-fvm/source/vm.cpp.o
                0x0000000000018908                prim_repeat()
 .text._Z14eolr_waituntilv
                0x0000000000018928       0x2c source/CMakeFiles/bitlogo-vm.dir/Users/brian/files/projects/bitlogo-fvm/source/vm.cpp.o
                0x0000000000018928                eolr_waituntil()
 .text._ZN14MicroBitTicker10systemTickEv
                0x0000000000018954       0x10 source/CMakeFiles/bitlogo-vm.dir/Users/brian/files/projects/bitlogo-fvm/source/MicroBitTicker.cpp.o
                0x0000000000018954                MicroBitTicker::systemTick()
 .text._ZN14MicroBitTickerD2Ev
                0x0000000000018964       0x18 source/CMakeFiles/bitlogo-vm.dir/Users/brian/files/projects/bitlogo-fvm/source/MicroBitTicker.cpp.o
                0x0000000000018964                MicroBitTicker::~MicroBitTicker()
                0x0000000000018964                MicroBitTicker::~MicroBitTicker()
 .text._ZN14MicroBitTickerC2Ev
                0x000000000001897c       0x1c source/CMakeFiles/bitlogo-vm.dir/Users/brian/files/projects/bitlogo-fvm/source/MicroBitTicker.cpp.o
                0x000000000001897c                MicroBitTicker::MicroBitTicker()
                0x000000000001897c                MicroBitTicker::MicroBitTicker()
 .text._Z11starttickerm
                0x0000000000018998        0xc source/CMakeFiles/bitlogo-vm.dir/Users/brian/files/projects/bitlogo-fvm/source/lib.cpp.o
                0x0000000000018998                startticker(unsigned long)
 .text._Z10stoptickerv
                0x00000000000189a4        0xc source/CMakeFiles/bitlogo-vm.dir/Users/brian/files/projects/bitlogo-fvm/source/lib.cpp.o
                0x00000000000189a4                stopticker()
 .text._Z9get_ticksv
                0x00000000000189b0        0xc source/CMakeFiles/bitlogo-vm.dir/Users/brian/files/projects/bitlogo-fvm/source/lib.cpp.o
                0x00000000000189b0                get_ticks()
 .text._Z5sprodll
                0x00000000000189bc       0x1c source/CMakeFiles/bitlogo-vm.dir/Users/brian/files/projects/bitlogo-fvm/source/lib.cpp.o
                0x00000000000189bc                sprod(long, long)
 .text._Z5squotll
                0x00000000000189d8       0x1c source/CMakeFiles/bitlogo-vm.dir/Users/brian/files/projects/bitlogo-fvm/source/lib.cpp.o
                0x00000000000189d8                squot(long, long)
 .text._Z13setbrightnessi
                0x00000000000189f4       0x10 source/CMakeFiles/bitlogo-vm.dir/Users/brian/files/projects/bitlogo-fvm/source/lib.cpp.o
                0x00000000000189f4                setbrightness(int)
 .text._Z11get_buttonav
                0x0000000000018a04       0x10 source/CMakeFiles/bitlogo-vm.dir/Users/brian/files/projects/bitlogo-fvm/source/lib.cpp.o
                0x0000000000018a04                get_buttona()
 .text._Z11get_buttonbv
                0x0000000000018a14       0x10 source/CMakeFiles/bitlogo-vm.dir/Users/brian/files/projects/bitlogo-fvm/source/lib.cpp.o
                0x0000000000018a14                get_buttonb()
 .text._Z5dcharc
                0x0000000000018a24       0x20 source/CMakeFiles/bitlogo-vm.dir/Users/brian/files/projects/bitlogo-fvm/source/lib.cpp.o
                0x0000000000018a24                dchar(char)
 .text._Z9nextshapev
                0x0000000000018a44       0x48 source/CMakeFiles/bitlogo-vm.dir/Users/brian/files/projects/bitlogo-fvm/source/lib.cpp.o
                0x0000000000018a44                nextshape()
 .text._Z5printl
                0x0000000000018a8c       0x18 source/CMakeFiles/bitlogo-vm.dir/Users/brian/files/projects/bitlogo-fvm/source/lib.cpp.o
                0x0000000000018a8c                print(long)
 .text._Z3prhl  0x0000000000018aa4       0x18 source/CMakeFiles/bitlogo-vm.dir/Users/brian/files/projects/bitlogo-fvm/source/lib.cpp.o
                0x0000000000018aa4                prh(long)
 .text._Z4prhbl
                0x0000000000018abc       0x18 source/CMakeFiles/bitlogo-vm.dir/Users/brian/files/projects/bitlogo-fvm/source/lib.cpp.o
                0x0000000000018abc                prhb(long)
 .text._Z4prhhl
                0x0000000000018ad4       0x18 source/CMakeFiles/bitlogo-vm.dir/Users/brian/files/projects/bitlogo-fvm/source/lib.cpp.o
                0x0000000000018ad4                prhh(long)
 .text._Z3prsPh
                0x0000000000018aec       0x18 source/CMakeFiles/bitlogo-vm.dir/Users/brian/files/projects/bitlogo-fvm/source/lib.cpp.o
                0x0000000000018aec                prs(unsigned char*)
 .text._Z3prfPcl
                0x0000000000018b04       0xc4 source/CMakeFiles/bitlogo-vm.dir/Users/brian/files/projects/bitlogo-fvm/source/lib.cpp.o
                0x0000000000018b04                prf(char*, long)
 .text._Z6scrollPc
                0x0000000000018bc8       0x20 source/CMakeFiles/bitlogo-vm.dir/Users/brian/files/projects/bitlogo-fvm/source/lib.cpp.o
                0x0000000000018bc8                scroll(char*)
 .text._Z6dprintPcm
                0x0000000000018be8       0x24 source/CMakeFiles/bitlogo-vm.dir/Users/brian/files/projects/bitlogo-fvm/source/lib.cpp.o
                0x0000000000018be8                dprint(char*, unsigned long)
 .text._Z5clearv
                0x0000000000018c0c       0x18 source/CMakeFiles/bitlogo-vm.dir/Users/brian/files/projects/bitlogo-fvm/source/lib.cpp.o
                0x0000000000018c0c                clear()
 .text._Z10flashwritePmm
                0x0000000000018c24       0x14 source/CMakeFiles/bitlogo-vm.dir/Users/brian/files/projects/bitlogo-fvm/source/lib.cpp.o
                0x0000000000018c24                flashwrite(unsigned long*, unsigned long)
 .text._Z10flasherasePm
                0x0000000000018c38       0x10 source/CMakeFiles/bitlogo-vm.dir/Users/brian/files/projects/bitlogo-fvm/source/lib.cpp.o
                0x0000000000018c38                flasherase(unsigned long*)
 .text._Z6resettv
                0x0000000000018c48       0x10 source/CMakeFiles/bitlogo-vm.dir/Users/brian/files/projects/bitlogo-fvm/source/lib.cpp.o
                0x0000000000018c48                resett()
 .text._Z5timerv
                0x0000000000018c58       0x14 source/CMakeFiles/bitlogo-vm.dir/Users/brian/files/projects/bitlogo-fvm/source/lib.cpp.o
                0x0000000000018c58                timer()
 .text._Z11switchradiov
                0x0000000000018c6c       0x18 source/CMakeFiles/bitlogo-vm.dir/Users/brian/files/projects/bitlogo-fvm/source/lib.cpp.o
                0x0000000000018c6c                switchradio()
 .text._Z5rsendh
                0x0000000000018c84       0x18 source/CMakeFiles/bitlogo-vm.dir/Users/brian/files/projects/bitlogo-fvm/source/lib.cpp.o
                0x0000000000018c84                rsend(unsigned char)
 .text._Z5rreccv
                0x0000000000018c9c       0x34 source/CMakeFiles/bitlogo-vm.dir/Users/brian/files/projects/bitlogo-fvm/source/lib.cpp.o
                0x0000000000018c9c                rrecc()
 .text._Z4freql
                0x0000000000018cd0       0x58 source/CMakeFiles/bitlogo-vm.dir/Users/brian/files/projects/bitlogo-fvm/source/lib.cpp.o
                0x0000000000018cd0                freq(long)
 .text._Z6dshapec
                0x0000000000018d28       0x54 source/CMakeFiles/bitlogo-vm.dir/Users/brian/files/projects/bitlogo-fvm/source/lib.cpp.o
                0x0000000000018d28                dshape(char)
 .text._Z8lib_initv
                0x0000000000018d7c       0x5c source/CMakeFiles/bitlogo-vm.dir/Users/brian/files/projects/bitlogo-fvm/source/lib.cpp.o
                0x0000000000018d7c                lib_init()
 .text._Z8evt_pollv
                0x0000000000018dd8       0x78 source/CMakeFiles/bitlogo-vm.dir/Users/brian/files/projects/bitlogo-fvm/source/lib.cpp.o
                0x0000000000018dd8                evt_poll()
 .text._Z15direct_setshapehhhhh
                0x0000000000018e50       0x34 source/CMakeFiles/bitlogo-vm.dir/Users/brian/files/projects/bitlogo-fvm/source/lib.cpp.o
                0x0000000000018e50                direct_setshape(unsigned char, unsigned char, unsigned char, unsigned char, unsigned char)
 .text._Z4getxv
                0x0000000000018e84       0x10 source/CMakeFiles/bitlogo-vm.dir/Users/brian/files/projects/bitlogo-fvm/source/lib.cpp.o
                0x0000000000018e84                getx()
 .text._Z4getyv
                0x0000000000018e94       0x10 source/CMakeFiles/bitlogo-vm.dir/Users/brian/files/projects/bitlogo-fvm/source/lib.cpp.o
                0x0000000000018e94                gety()
 .text._Z4getzv
                0x0000000000018ea4       0x10 source/CMakeFiles/bitlogo-vm.dir/Users/brian/files/projects/bitlogo-fvm/source/lib.cpp.o
                0x0000000000018ea4                getz()
 .text._Z6getaccv
                0x0000000000018eb4       0x78 source/CMakeFiles/bitlogo-vm.dir/Users/brian/files/projects/bitlogo-fvm/source/lib.cpp.o
                0x0000000000018eb4                getacc()
 .text._Z8dev_pollv
                0x0000000000018f2c       0x68 source/CMakeFiles/bitlogo-vm.dir/Users/brian/files/projects/bitlogo-fvm/source/lib.cpp.o
                0x0000000000018f2c                dev_poll()
 .text._Z6ctimes7complexS_
                0x0000000000018f94       0x90 source/CMakeFiles/bitlogo-vm.dir/Users/brian/files/projects/bitlogo-fvm/source/lib.cpp.o
                0x0000000000018f94                ctimes(complex, complex)
 .text._Z9butterflyv
                0x0000000000019024       0xc4 source/CMakeFiles/bitlogo-vm.dir/Users/brian/files/projects/bitlogo-fvm/source/lib.cpp.o
                0x0000000000019024                butterfly()
 .text._Z10copy_fftinv
                0x00000000000190e8       0x5c source/CMakeFiles/bitlogo-vm.dir/Users/brian/files/projects/bitlogo-fvm/source/lib.cpp.o
                0x00000000000190e8                copy_fftin()
 .text._Z8fft_swapv
                0x0000000000019144       0x40 source/CMakeFiles/bitlogo-vm.dir/Users/brian/files/projects/bitlogo-fvm/source/lib.cpp.o
                0x0000000000019144                fft_swap()
 .text.startup._GLOBAL__sub_I_directshape
                0x0000000000019184      0x114 source/CMakeFiles/bitlogo-vm.dir/Users/brian/files/projects/bitlogo-fvm/source/lib.cpp.o
 .text._Z5ugetcv
                0x0000000000019298       0x14 source/CMakeFiles/bitlogo-vm.dir/Users/brian/files/projects/bitlogo-fvm/source/main.cpp.o
                0x0000000000019298                ugetc()
 .text._Z5uputch
                0x00000000000192ac       0x14 source/CMakeFiles/bitlogo-vm.dir/Users/brian/files/projects/bitlogo-fvm/source/main.cpp.o
                0x00000000000192ac                uputc(unsigned char)
 .text._Z7BLEgetcv
                0x00000000000192c0       0x20 source/CMakeFiles/bitlogo-vm.dir/Users/brian/files/projects/bitlogo-fvm/source/main.cpp.o
                0x00000000000192c0                BLEgetc()
 .text._Z7BLEputch
                0x00000000000192e0       0x14 source/CMakeFiles/bitlogo-vm.dir/Users/brian/files/projects/bitlogo-fvm/source/main.cpp.o
                0x00000000000192e0                BLEputc(unsigned char)
 .text._ZN18MicroBitBLEManagerD2Ev
                0x00000000000192f4       0x20 source/CMakeFiles/bitlogo-vm.dir/Users/brian/files/projects/bitlogo-fvm/source/main.cpp.o
                0x00000000000192f4                MicroBitBLEManager::~MicroBitBLEManager()
                0x00000000000192f4                MicroBitBLEManager::~MicroBitBLEManager()
 .text._ZN14MicroBitSerialD2Ev
                0x0000000000019314       0x18 source/CMakeFiles/bitlogo-vm.dir/Users/brian/files/projects/bitlogo-fvm/source/main.cpp.o
                0x0000000000019314                MicroBitSerial::~MicroBitSerial()
                0x0000000000019314                MicroBitSerial::~MicroBitSerial()
 .text._Z10ugetcAsyncv
                0x000000000001932c       0x10 source/CMakeFiles/bitlogo-vm.dir/Users/brian/files/projects/bitlogo-fvm/source/main.cpp.o
                0x000000000001932c                ugetcAsync()
 .text._Z4initv
                0x000000000001933c       0xb4 source/CMakeFiles/bitlogo-vm.dir/Users/brian/files/projects/bitlogo-fvm/source/main.cpp.o
                0x000000000001933c                init()
 .text._Z6read16v
                0x00000000000193f0       0x18 source/CMakeFiles/bitlogo-vm.dir/Users/brian/files/projects/bitlogo-fvm/source/main.cpp.o
                0x00000000000193f0                read16()
 .text._Z6read32v
                0x0000000000019408       0x2c source/CMakeFiles/bitlogo-vm.dir/Users/brian/files/projects/bitlogo-fvm/source/main.cpp.o
                0x0000000000019408                read32()
 .text._Z10readmemoryv
                0x0000000000019434       0x24 source/CMakeFiles/bitlogo-vm.dir/Users/brian/files/projects/bitlogo-fvm/source/main.cpp.o
                0x0000000000019434                readmemory()
 .text._Z11writememoryv
                0x0000000000019458       0x3c source/CMakeFiles/bitlogo-vm.dir/Users/brian/files/projects/bitlogo-fvm/source/main.cpp.o
                0x0000000000019458                writememory()
 .text._Z3runv  0x0000000000019494       0x14 source/CMakeFiles/bitlogo-vm.dir/Users/brian/files/projects/bitlogo-fvm/source/main.cpp.o
                0x0000000000019494                run()
 .text._Z10writeflashv
                0x00000000000194a8       0x34 source/CMakeFiles/bitlogo-vm.dir/Users/brian/files/projects/bitlogo-fvm/source/main.cpp.o
                0x00000000000194a8                writeflash()
 .text._Z10eraseflashv
                0x00000000000194dc       0x20 source/CMakeFiles/bitlogo-vm.dir/Users/brian/files/projects/bitlogo-fvm/source/main.cpp.o
                0x00000000000194dc                eraseflash()
 .text._Z11setshapecmdv
                0x00000000000194fc       0x38 source/CMakeFiles/bitlogo-vm.dir/Users/brian/files/projects/bitlogo-fvm/source/main.cpp.o
                0x00000000000194fc                setshapecmd()
 .text._Z8dispatchh
                0x0000000000019534       0x58 source/CMakeFiles/bitlogo-vm.dir/Users/brian/files/projects/bitlogo-fvm/source/main.cpp.o
                0x0000000000019534                dispatch(unsigned char)
 .text._Z9uDispatchh
                0x000000000001958c       0x24 source/CMakeFiles/bitlogo-vm.dir/Users/brian/files/projects/bitlogo-fvm/source/main.cpp.o
                0x000000000001958c                uDispatch(unsigned char)
 .text._Z11bleDispatchh
                0x00000000000195b0       0x24 source/CMakeFiles/bitlogo-vm.dir/Users/brian/files/projects/bitlogo-fvm/source/main.cpp.o
                0x00000000000195b0                bleDispatch(unsigned char)
 .text._Z8bleAvailv
                0x00000000000195d4       0x1c source/CMakeFiles/bitlogo-vm.dir/Users/brian/files/projects/bitlogo-fvm/source/main.cpp.o
                0x00000000000195d4                bleAvail()
 .text.startup.main
                0x00000000000195f0       0x90 source/CMakeFiles/bitlogo-vm.dir/Users/brian/files/projects/bitlogo-fvm/source/main.cpp.o
                0x00000000000195f0                main
 .text.startup._GLOBAL__sub_I_pc
                0x0000000000019680       0x88 source/CMakeFiles/bitlogo-vm.dir/Users/brian/files/projects/bitlogo-fvm/source/main.cpp.o
 .text.NVIC_SystemReset
                0x0000000000019708       0x18 ym/microbit-dal/source/microbit-dal.a(MicroBitDevice.cpp.o)
 .text._Z14microbit_panici
                0x0000000000019720      0x198 ym/microbit-dal/source/microbit-dal.a(MicroBitDevice.cpp.o)
                0x0000000000019720                microbit_panic(int)
 .text._ZN10EventModel6listenEiiPFv13MicroBitEventEt
                0x00000000000198b8       0x60 ym/microbit-dal/source/microbit-dal.a(MicroBitFiber.cpp.o)
                0x00000000000198b8                EventModel::listen(int, int, void (*)(MicroBitEvent), unsigned short)
 .text._Z14scheduler_tickv
                0x0000000000019918       0x38 ym/microbit-dal/source/microbit-dal.a(MicroBitFiber.cpp.o)
                0x0000000000019918                scheduler_tick()
 .text._Z15scheduler_event13MicroBitEvent
                0x0000000000019950       0xcc ym/microbit-dal/source/microbit-dal.a(MicroBitFiber.cpp.o)
                0x0000000000019950                scheduler_event(MicroBitEvent)
 .text._Z15getFiberContextv
                0x0000000000019a1c       0x3c ym/microbit-dal/source/microbit-dal.a(MicroBitFiber.cpp.o)
                0x0000000000019a1c                getFiberContext()
 .text._Z23fiber_scheduler_runningv
                0x0000000000019a58       0x10 ym/microbit-dal/source/microbit-dal.a(MicroBitFiber.cpp.o)
                0x0000000000019a58                fiber_scheduler_running()
 .text._Z14scheduler_initR10EventModel
                0x0000000000019a68       0xa8 ym/microbit-dal/source/microbit-dal.a(MicroBitFiber.cpp.o)
                0x0000000000019a68                scheduler_init(EventModel&)
 .text._Z14__create_fibermmmi
                0x0000000000019b10       0x50 ym/microbit-dal/source/microbit-dal.a(MicroBitFiber.cpp.o)
                0x0000000000019b10                __create_fiber(unsigned long, unsigned long, unsigned long, int)
 .text._Z24scheduler_runqueue_emptyv
                0x0000000000019b60       0x10 ym/microbit-dal/source/microbit-dal.a(MicroBitFiber.cpp.o)
                0x0000000000019b60                scheduler_runqueue_empty()
 .text._Z24fiber_add_idle_componentP17MicroBitComponent
                0x0000000000019b70       0x1c ym/microbit-dal/source/microbit-dal.a(MicroBitFiber.cpp.o)
                0x0000000000019b70                fiber_add_idle_component(MicroBitComponent*)
 .text._Z27fiber_remove_idle_componentP17MicroBitComponent
                0x0000000000019b8c       0x1c ym/microbit-dal/source/microbit-dal.a(MicroBitFiber.cpp.o)
                0x0000000000019b8c                fiber_remove_idle_component(MicroBitComponent*)
 .text._Z4idlev
                0x0000000000019ba8       0x2c ym/microbit-dal/source/microbit-dal.a(MicroBitFiber.cpp.o)
                0x0000000000019ba8                idle()
 .text._Z8schedulev
                0x0000000000019bd4       0xd0 ym/microbit-dal/source/microbit-dal.a(MicroBitFiber.cpp.o)
                0x0000000000019bd4                schedule()
 .text._Z11fiber_sleepm
                0x0000000000019ca4       0x54 ym/microbit-dal/source/microbit-dal.a(MicroBitFiber.cpp.o)
                0x0000000000019ca4                fiber_sleep(unsigned long)
 .text._Z19fiber_wake_on_eventtt
                0x0000000000019cf8       0x9c ym/microbit-dal/source/microbit-dal.a(MicroBitFiber.cpp.o)
                0x0000000000019cf8                fiber_wake_on_event(unsigned short, unsigned short)
 .text._Z13release_fiberv
                0x0000000000019d94       0x28 ym/microbit-dal/source/microbit-dal.a(MicroBitFiber.cpp.o)
                0x0000000000019d94                release_fiber()
 .text._Z6invokePFvPvES_
                0x0000000000019dbc       0x80 ym/microbit-dal/source/microbit-dal.a(MicroBitFiber.cpp.o)
                0x0000000000019dbc                invoke(void (*)(void*), void*)
 .text._ZN12MicroBitFontC2Ev
                0x0000000000019e3c       0x10 ym/microbit-dal/source/microbit-dal.a(MicroBitFont.cpp.o)
                0x0000000000019e3c                MicroBitFont::MicroBitFont()
                0x0000000000019e3c                MicroBitFont::MicroBitFont()
 .text._ZN12MicroBitFont13setSystemFontES_
                0x0000000000019e4c       0x18 ym/microbit-dal/source/microbit-dal.a(MicroBitFont.cpp.o)
                0x0000000000019e4c                MicroBitFont::setSystemFont(MicroBitFont)
 .text._ZN12MicroBitFont13getSystemFontEv
                0x0000000000019e64       0x10 ym/microbit-dal/source/microbit-dal.a(MicroBitFont.cpp.o)
                0x0000000000019e64                MicroBitFont::getSystemFont()
 .text.startup._GLOBAL__sub_I__ZN12MicroBitFont11defaultFontE
                0x0000000000019e74       0x18 ym/microbit-dal/source/microbit-dal.a(MicroBitFont.cpp.o)
 .text._Z20microbit_create_heapmm
                0x0000000000019e8c       0x5c ym/microbit-dal/source/microbit-dal.a(MicroBitHeapAllocator.cpp.o)
                0x0000000000019e8c                microbit_create_heap(unsigned long, unsigned long)
 .text._Z15microbit_mallocj
                0x0000000000019ee8       0x44 ym/microbit-dal/source/microbit-dal.a(MicroBitHeapAllocator.cpp.o)
                0x0000000000019ee8                microbit_malloc(unsigned int)
 .text._Z13microbit_freePv
                0x0000000000019f2c       0x44 ym/microbit-dal/source/microbit-dal.a(MicroBitHeapAllocator.cpp.o)
                0x0000000000019f2c                microbit_free(void*)
 .text._Z23system_timer_set_periodi
                0x0000000000019f70       0x48 ym/microbit-dal/source/microbit-dal.a(MicroBitSystemTimer.cpp.o)
                0x0000000000019f70                system_timer_set_period(int)
 .text._Z17system_timer_initi
                0x0000000000019fb8       0x54 ym/microbit-dal/source/microbit-dal.a(MicroBitSystemTimer.cpp.o)
                0x0000000000019fb8                system_timer_init(int)
 .text._Z23system_timer_get_periodv
                0x000000000001a00c        0xc ym/microbit-dal/source/microbit-dal.a(MicroBitSystemTimer.cpp.o)
                0x000000000001a00c                system_timer_get_period()
 .text._Z11update_timev
                0x000000000001a018       0x44 ym/microbit-dal/source/microbit-dal.a(MicroBitSystemTimer.cpp.o)
                0x000000000001a018                update_time()
 .text._Z17system_timer_tickv
                0x000000000001a05c       0x24 ym/microbit-dal/source/microbit-dal.a(MicroBitSystemTimer.cpp.o)
                0x000000000001a05c                system_timer_tick()
 .text._Z25system_timer_current_timev
                0x000000000001a080       0x1c ym/microbit-dal/source/microbit-dal.a(MicroBitSystemTimer.cpp.o)
                0x000000000001a080                system_timer_current_time()
 .text._Z28system_timer_current_time_usv
                0x000000000001a09c       0x14 ym/microbit-dal/source/microbit-dal.a(MicroBitSystemTimer.cpp.o)
                0x000000000001a09c                system_timer_current_time_us()
 .text._Z26system_timer_add_componentP17MicroBitComponent
                0x000000000001a0b0       0x3c ym/microbit-dal/source/microbit-dal.a(MicroBitSystemTimer.cpp.o)
                0x000000000001a0b0                system_timer_add_component(MicroBitComponent*)
 .text._Z29system_timer_remove_componentP17MicroBitComponent
                0x000000000001a0ec       0x1c ym/microbit-dal/source/microbit-dal.a(MicroBitSystemTimer.cpp.o)
                0x000000000001a0ec                system_timer_remove_component(MicroBitComponent*)
 .text._ZN13ManagedStringC2EPKc
                0x000000000001a108       0x20 ym/microbit-dal/source/microbit-dal.a(ManagedString.cpp.o)
                0x000000000001a108                ManagedString::ManagedString(char const*)
                0x000000000001a108                ManagedString::ManagedString(char const*)
 .text._ZN13ManagedStringC2EPKcs
                0x000000000001a128       0x54 ym/microbit-dal/source/microbit-dal.a(ManagedString.cpp.o)
                0x000000000001a128                ManagedString::ManagedString(char const*, short)
                0x000000000001a128                ManagedString::ManagedString(char const*, short)
 .text._ZN13ManagedStringC2Ev
                0x000000000001a17c        0xc ym/microbit-dal/source/microbit-dal.a(ManagedString.cpp.o)
                0x000000000001a17c                ManagedString::ManagedString()
                0x000000000001a17c                ManagedString::ManagedString()
 .text.startup._GLOBAL__sub_I__ZN13ManagedString9initEmptyEv
                0x000000000001a188       0x28 ym/microbit-dal/source/microbit-dal.a(ManagedString.cpp.o)
 .text._ZN13MicroBitEvent4fireEv
                0x000000000001a1b0       0x28 ym/microbit-dal/source/microbit-dal.a(MicroBitEvent.cpp.o)
                0x000000000001a1b0                MicroBitEvent::fire()
 .text.startup._GLOBAL__sub_I__ZN12PacketBuffer11EmptyPacketE
                0x000000000001a1d8       0x24 ym/microbit-dal/source/microbit-dal.a(PacketBuffer.cpp.o)
 .text._ZL16isReadOnlyInlineP10RefCounted
                0x000000000001a1fc       0x24 ym/microbit-dal/source/microbit-dal.a(RefCounted.cpp.o)
 .text._ZN21MicroBitAccelerometerD2Ev
                0x000000000001a220       0x18 ym/microbit-dal/source/microbit-dal.a(MicroBitAccelerometer.cpp.o)
                0x000000000001a220                MicroBitAccelerometer::~MicroBitAccelerometer()
                0x000000000001a220                MicroBitAccelerometer::~MicroBitAccelerometer()
 .text._ZN21MicroBitAccelerometer9configureEv
                0x000000000001a238       0xbc ym/microbit-dal/source/microbit-dal.a(MicroBitAccelerometer.cpp.o)
                0x000000000001a238                MicroBitAccelerometer::configure()
 .text._ZN21MicroBitAccelerometer11readCommandEhPhi
                0x000000000001a2f4       0x4c ym/microbit-dal/source/microbit-dal.a(MicroBitAccelerometer.cpp.o)
                0x000000000001a2f4                MicroBitAccelerometer::readCommand(unsigned char, unsigned char*, int)
 .text._ZN21MicroBitAccelerometerC2ER11MicroBitI2Ctt
                0x000000000001a340       0x94 ym/microbit-dal/source/microbit-dal.a(MicroBitAccelerometer.cpp.o)
                0x000000000001a340                MicroBitAccelerometer::MicroBitAccelerometer(MicroBitI2C&, unsigned short, unsigned short)
                0x000000000001a340                MicroBitAccelerometer::MicroBitAccelerometer(MicroBitI2C&, unsigned short, unsigned short)
 .text._ZN21MicroBitAccelerometer12updateSampleEv
                0x000000000001a3d4       0x84 ym/microbit-dal/source/microbit-dal.a(MicroBitAccelerometer.cpp.o)
                0x000000000001a3d4                MicroBitAccelerometer::updateSample()
 .text._ZN21MicroBitAccelerometer20instantaneousPostureEv
                0x000000000001a458      0x20c ym/microbit-dal/source/microbit-dal.a(MicroBitAccelerometer.cpp.o)
                0x000000000001a458                MicroBitAccelerometer::instantaneousPosture()
 .text._ZN14MicroBitButton10systemTickEv
                0x000000000001a664       0xe0 ym/microbit-dal/source/microbit-dal.a(MicroBitButton.cpp.o)
                0x000000000001a664                MicroBitButton::systemTick()
 .text._ZN14MicroBitButtonD2Ev
                0x000000000001a744       0x18 ym/microbit-dal/source/microbit-dal.a(MicroBitButton.cpp.o)
                0x000000000001a744                MicroBitButton::~MicroBitButton()
                0x000000000001a744                MicroBitButton::~MicroBitButton()
 .text._ZN14MicroBitButtonC2E7PinNamet32MicroBitButtonEventConfiguration7PinMode
                0x000000000001a75c       0x5c ym/microbit-dal/source/microbit-dal.a(MicroBitButton.cpp.o)
                0x000000000001a75c                MicroBitButton::MicroBitButton(PinName, unsigned short, MicroBitButtonEventConfiguration, PinMode)
                0x000000000001a75c                MicroBitButton::MicroBitButton(PinName, unsigned short, MicroBitButtonEventConfiguration, PinMode)
 .text._ZN15MicroBitDisplay15renderGreyscaleEv
                0x000000000001a7b8       0xfc ym/microbit-dal/source/microbit-dal.a(MicroBitDisplay.cpp.o)
                0x000000000001a7b8                MicroBitDisplay::renderGreyscale()
 .text._ZN4mbed6TickerD2Ev
                0x000000000001a8b4       0x1c ym/microbit-dal/source/microbit-dal.a(MicroBitDisplay.cpp.o)
                0x000000000001a8b4                mbed::Ticker::~Ticker()
                0x000000000001a8b4                mbed::Ticker::~Ticker()
 .text._ZN15MicroBitDisplayD2Ev
                0x000000000001a8d0       0x48 ym/microbit-dal/source/microbit-dal.a(MicroBitDisplay.cpp.o)
                0x000000000001a8d0                MicroBitDisplay::~MicroBitDisplay()
                0x000000000001a8d0                MicroBitDisplay::~MicroBitDisplay()
 .text._ZN15MicroBitDisplayC2EtRK9MatrixMap
                0x000000000001a918       0xd4 ym/microbit-dal/source/microbit-dal.a(MicroBitDisplay.cpp.o)
                0x000000000001a918                MicroBitDisplay::MicroBitDisplay(unsigned short, MatrixMap const&)
                0x000000000001a918                MicroBitDisplay::MicroBitDisplay(unsigned short, MatrixMap const&)
 .text._ZN15MicroBitDisplay6renderEv
                0x000000000001a9ec       0xec ym/microbit-dal/source/microbit-dal.a(MicroBitDisplay.cpp.o)
                0x000000000001a9ec                MicroBitDisplay::render()
 .text._ZN15MicroBitDisplay26sendAnimationCompleteEventEv
                0x000000000001aad8       0x24 ym/microbit-dal/source/microbit-dal.a(MicroBitDisplay.cpp.o)
                0x000000000001aad8                MicroBitDisplay::sendAnimationCompleteEvent()
 .text._ZN15MicroBitDisplay18waitForFreeDisplayEv
                0x000000000001aafc       0x20 ym/microbit-dal/source/microbit-dal.a(MicroBitDisplay.cpp.o)
                0x000000000001aafc                MicroBitDisplay::waitForFreeDisplay()
 .text._ZN15MicroBitDisplay9fiberWaitEv
                0x000000000001ab1c       0x2c ym/microbit-dal/source/microbit-dal.a(MicroBitDisplay.cpp.o)
                0x000000000001ab1c                MicroBitDisplay::fiberWait()
 .text._ZN15MicroBitDisplay14printCharAsyncEci
                0x000000000001ab48       0x50 ym/microbit-dal/source/microbit-dal.a(MicroBitDisplay.cpp.o)
                0x000000000001ab48                MicroBitDisplay::printCharAsync(char, int)
 .text._ZN15MicroBitDisplay10printAsyncE13ManagedStringi
                0x000000000001ab98       0x68 ym/microbit-dal/source/microbit-dal.a(MicroBitDisplay.cpp.o)
                0x000000000001ab98                MicroBitDisplay::printAsync(ManagedString, int)
 .text._ZN15MicroBitDisplay9printCharEci
                0x000000000001ac00       0x44 ym/microbit-dal/source/microbit-dal.a(MicroBitDisplay.cpp.o)
                0x000000000001ac00                MicroBitDisplay::printChar(char, int)
 .text._ZN15MicroBitDisplay5printE13ManagedStringi
                0x000000000001ac44       0x6c ym/microbit-dal/source/microbit-dal.a(MicroBitDisplay.cpp.o)
                0x000000000001ac44                MicroBitDisplay::print(ManagedString, int)
 .text._ZN15MicroBitDisplay11scrollAsyncE13ManagedStringi
                0x000000000001acb0       0x54 ym/microbit-dal/source/microbit-dal.a(MicroBitDisplay.cpp.o)
                0x000000000001acb0                MicroBitDisplay::scrollAsync(ManagedString, int)
 .text._ZN15MicroBitDisplay6scrollE13ManagedStringi
                0x000000000001ad04       0x50 ym/microbit-dal/source/microbit-dal.a(MicroBitDisplay.cpp.o)
                0x000000000001ad04                MicroBitDisplay::scroll(ManagedString, int)
 .text._ZN15MicroBitDisplay13setBrightnessEi
                0x000000000001ad54       0x14 ym/microbit-dal/source/microbit-dal.a(MicroBitDisplay.cpp.o)
                0x000000000001ad54                MicroBitDisplay::setBrightness(int)
 .text._ZN11MicroBitI2C4readEiPcib
                0x000000000001ad68       0x94 ym/microbit-dal/source/microbit-dal.a(MicroBitI2C.cpp.o)
                0x000000000001ad68                MicroBitI2C::read(int, char*, int, bool)
 .text._ZN11MicroBitI2C5writeEiPKcib
                0x000000000001adfc       0x94 ym/microbit-dal/source/microbit-dal.a(MicroBitI2C.cpp.o)
                0x000000000001adfc                MicroBitI2C::write(int, char const*, int, bool)
 .text._ZN19MicroBitLightSensor11analogReadyEv
                0x000000000001ae90       0x54 ym/microbit-dal/source/microbit-dal.a(MicroBitLightSensor.cpp.o)
                0x000000000001ae90                MicroBitLightSensor::analogReady()
 .text._ZN19MicroBitLightSensor12startSensingE13MicroBitEvent
                0x000000000001aee4       0xa0 ym/microbit-dal/source/microbit-dal.a(MicroBitLightSensor.cpp.o)
                0x000000000001aee4                MicroBitLightSensor::startSensing(MicroBitEvent)
 .text._ZN16MicroBitListenerC2I19MicroBitLightSensorEEttPT_MS2_Fv13MicroBitEventEt
                0x000000000001af84       0x68 ym/microbit-dal/source/microbit-dal.a(MicroBitLightSensor.cpp.o)
                0x000000000001af84                MicroBitListener::MicroBitListener<MicroBitLightSensor>(unsigned short, unsigned short, MicroBitLightSensor*, void (MicroBitLightSensor::*)(MicroBitEvent), unsigned short)
                0x000000000001af84                MicroBitListener::MicroBitListener<MicroBitLightSensor>(unsigned short, unsigned short, MicroBitLightSensor*, void (MicroBitLightSensor::*)(MicroBitEvent), unsigned short)
 .text._ZN19MicroBitLightSensorD2Ev
                0x000000000001afec       0x5c ym/microbit-dal/source/microbit-dal.a(MicroBitLightSensor.cpp.o)
                0x000000000001afec                MicroBitLightSensor::~MicroBitLightSensor()
                0x000000000001afec                MicroBitLightSensor::~MicroBitLightSensor()
 .text._ZN18MicroBitMessageBus6removeEP16MicroBitListener
                0x000000000001b048       0x7c ym/microbit-dal/source/microbit-dal.a(MicroBitMessageBus.cpp.o)
                0x000000000001b048                MicroBitMessageBus::remove(MicroBitListener*)
 .text._ZN18MicroBitMessageBus3addEP16MicroBitListener
                0x000000000001b0c4       0xd4 ym/microbit-dal/source/microbit-dal.a(MicroBitMessageBus.cpp.o)
                0x000000000001b0c4                MicroBitMessageBus::add(MicroBitListener*)
 .text._ZN18MicroBitMessageBusD2Ev
                0x000000000001b198       0x20 ym/microbit-dal/source/microbit-dal.a(MicroBitMessageBus.cpp.o)
                0x000000000001b198                MicroBitMessageBus::~MicroBitMessageBus()
                0x000000000001b198                MicroBitMessageBus::~MicroBitMessageBus()
 .text._ZThn4_N18MicroBitMessageBusD1Ev
                0x000000000001b1b8       0x10 ym/microbit-dal/source/microbit-dal.a(MicroBitMessageBus.cpp.o)
                0x000000000001b1b8                non-virtual thunk to MicroBitMessageBus::~MicroBitMessageBus()
 .text._ZThn4_N18MicroBitMessageBusD0Ev
                0x000000000001b1c8       0x10 ym/microbit-dal/source/microbit-dal.a(MicroBitMessageBus.cpp.o)
                0x000000000001b1c8                non-virtual thunk to MicroBitMessageBus::~MicroBitMessageBus()
 .text._ZN18MicroBitMessageBusC2Ev
                0x000000000001b1d8       0x3c ym/microbit-dal/source/microbit-dal.a(MicroBitMessageBus.cpp.o)
                0x000000000001b1d8                MicroBitMessageBus::MicroBitMessageBus()
                0x000000000001b1d8                MicroBitMessageBus::MicroBitMessageBus()
 .text._ZN18MicroBitMessageBus7processER13MicroBitEventb
                0x000000000001b214       0x88 ym/microbit-dal/source/microbit-dal.a(MicroBitMessageBus.cpp.o)
                0x000000000001b214                MicroBitMessageBus::process(MicroBitEvent&, bool)
 .text._ZThn4_N18MicroBitMessageBus8idleTickEv
                0x000000000001b29c       0x10 ym/microbit-dal/source/microbit-dal.a(MicroBitMessageBus.cpp.o)
                0x000000000001b29c                non-virtual thunk to MicroBitMessageBus::idleTick()
 .text._ZN13MicroBitRadioC2Et
                0x000000000001b2ac       0x44 ym/microbit-dal/source/microbit-dal.a(MicroBitRadio.cpp.o)
                0x000000000001b2ac                MicroBitRadio::MicroBitRadio(unsigned short)
                0x000000000001b2ac                MicroBitRadio::MicroBitRadio(unsigned short)
 .text._ZN13MicroBitRadio16setFrequencyBandEi
                0x000000000001b2f0       0x30 ym/microbit-dal/source/microbit-dal.a(MicroBitRadio.cpp.o)
                0x000000000001b2f0                MicroBitRadio::setFrequencyBand(int)
 .text._ZN13MicroBitRadio7setRSSIEi
                0x000000000001b320       0x14 ym/microbit-dal/source/microbit-dal.a(MicroBitRadio.cpp.o)
                0x000000000001b320                MicroBitRadio::setRSSI(int)
 .text._ZN13MicroBitRadio7getRSSIEv
                0x000000000001b334       0x14 ym/microbit-dal/source/microbit-dal.a(MicroBitRadio.cpp.o)
                0x000000000001b334                MicroBitRadio::getRSSI()
 .text._ZN13MicroBitRadio10queueRxBufEv
                0x000000000001b348       0x60 ym/microbit-dal/source/microbit-dal.a(MicroBitRadio.cpp.o)
                0x000000000001b348                MicroBitRadio::queueRxBuf()
 .text.RADIO_IRQHandler
                0x000000000001b3a8       0x68 ym/microbit-dal/source/microbit-dal.a(MicroBitRadio.cpp.o)
                0x000000000001b3a8                RADIO_IRQHandler
 .text._ZN13MicroBitRadio8setGroupEh
                0x000000000001b410       0x28 ym/microbit-dal/source/microbit-dal.a(MicroBitRadio.cpp.o)
                0x000000000001b410                MicroBitRadio::setGroup(unsigned char)
 .text._ZN13MicroBitRadio6enableEv
                0x000000000001b438      0x140 ym/microbit-dal/source/microbit-dal.a(MicroBitRadio.cpp.o)
                0x000000000001b438                MicroBitRadio::enable()
 .text._ZN13MicroBitRadio4recvEv
                0x000000000001b578       0x28 ym/microbit-dal/source/microbit-dal.a(MicroBitRadio.cpp.o)
                0x000000000001b578                MicroBitRadio::recv()
 .text._ZN13MicroBitRadio4sendEP11FrameBuffer
                0x000000000001b5a0       0xc0 ym/microbit-dal/source/microbit-dal.a(MicroBitRadio.cpp.o)
                0x000000000001b5a0                MicroBitRadio::send(FrameBuffer*)
 .text._ZN21MicroBitRadioDatagram4recvEPhi
                0x000000000001b660       0x3c ym/microbit-dal/source/microbit-dal.a(MicroBitRadioDatagram.cpp.o)
                0x000000000001b660                MicroBitRadioDatagram::recv(unsigned char*, int)
 .text._ZN21MicroBitRadioDatagram4sendEPhi
                0x000000000001b69c       0x38 ym/microbit-dal/source/microbit-dal.a(MicroBitRadioDatagram.cpp.o)
                0x000000000001b69c                MicroBitRadioDatagram::send(unsigned char*, int)
 .text._ZN14MicroBitSerial12dataReceivedEv
                0x000000000001b6d4       0x94 ym/microbit-dal/source/microbit-dal.a(MicroBitSerial.cpp.o)
                0x000000000001b6d4                MicroBitSerial::dataReceived()
 .text._ZN14MicroBitSerial6lockRxEv
                0x000000000001b768       0x10 ym/microbit-dal/source/microbit-dal.a(MicroBitSerial.cpp.o)
                0x000000000001b768                MicroBitSerial::lockRx()
 .text._ZN14MicroBitSerial6lockTxEv
                0x000000000001b778       0x10 ym/microbit-dal/source/microbit-dal.a(MicroBitSerial.cpp.o)
                0x000000000001b778                MicroBitSerial::lockTx()
 .text._ZN14MicroBitSerial8unlockRxEv
                0x000000000001b788       0x10 ym/microbit-dal/source/microbit-dal.a(MicroBitSerial.cpp.o)
                0x000000000001b788                MicroBitSerial::unlockRx()
 .text._ZN14MicroBitSerial8unlockTxEv
                0x000000000001b798       0x10 ym/microbit-dal/source/microbit-dal.a(MicroBitSerial.cpp.o)
                0x000000000001b798                MicroBitSerial::unlockTx()
 .text._ZN14MicroBitSerial4baudEi
                0x000000000001b7a8       0x14 ym/microbit-dal/source/microbit-dal.a(MicroBitSerial.cpp.o)
                0x000000000001b7a8                MicroBitSerial::baud(int)
 .text._ZN14MicroBitSerialC2E7PinNameS0_hh
                0x000000000001b7bc       0x50 ym/microbit-dal/source/microbit-dal.a(MicroBitSerial.cpp.o)
                0x000000000001b7bc                MicroBitSerial::MicroBitSerial(PinName, PinName, unsigned char, unsigned char)
                0x000000000001b7bc                MicroBitSerial::MicroBitSerial(PinName, PinName, unsigned char, unsigned char)
 .text._ZN14MicroBitSerial10eventAfterEi18MicroBitSerialMode
                0x000000000001b80c       0x38 ym/microbit-dal/source/microbit-dal.a(MicroBitSerial.cpp.o)
                0x000000000001b80c                MicroBitSerial::eventAfter(int, MicroBitSerialMode)
 .text._ZN14MicroBitSerial7getCharE18MicroBitSerialMode
                0x000000000001b844       0x64 ym/microbit-dal/source/microbit-dal.a(MicroBitSerial.cpp.o)
                0x000000000001b844                MicroBitSerial::getChar(MicroBitSerialMode)
 .text._ZN14MicroBitSerial11dataWrittenEv
                0x000000000001b8a8       0x60 ym/microbit-dal/source/microbit-dal.a(MicroBitSerial.cpp.o)
                0x000000000001b8a8                MicroBitSerial::dataWritten()
 .text._ZN14MicroBitSerial12initialiseTxEv
                0x000000000001b908       0x50 ym/microbit-dal/source/microbit-dal.a(MicroBitSerial.cpp.o)
                0x000000000001b908                MicroBitSerial::initialiseTx()
 .text._ZN4mbed10SerialBase6attachI14MicroBitSerialEEvPT_MS3_FvvENS0_7IrqTypeE
                0x000000000001b958       0x40 ym/microbit-dal/source/microbit-dal.a(MicroBitSerial.cpp.o)
                0x000000000001b958                void mbed::SerialBase::attach<MicroBitSerial>(MicroBitSerial*, void (MicroBitSerial::*)(), mbed::SerialBase::IrqType)
 .text._ZN14MicroBitSerial14setTxInterruptEPhi18MicroBitSerialMode
                0x000000000001b998       0x70 ym/microbit-dal/source/microbit-dal.a(MicroBitSerial.cpp.o)
                0x000000000001b998                MicroBitSerial::setTxInterrupt(unsigned char*, int, MicroBitSerialMode)
 .text._ZN14MicroBitSerial8sendCharEc18MicroBitSerialMode
                0x000000000001ba08       0x58 ym/microbit-dal/source/microbit-dal.a(MicroBitSerial.cpp.o)
                0x000000000001ba08                MicroBitSerial::sendChar(char, MicroBitSerialMode)
 .text._ZN14MicroBitSerial12initialiseRxEv
                0x000000000001ba60       0x68 ym/microbit-dal/source/microbit-dal.a(MicroBitSerial.cpp.o)
                0x000000000001ba60                MicroBitSerial::initialiseRx()
 .text._ZN14MicroBitSerial4readE18MicroBitSerialMode
                0x000000000001bac8       0x44 ym/microbit-dal/source/microbit-dal.a(MicroBitSerial.cpp.o)
                0x000000000001bac8                MicroBitSerial::read(MicroBitSerialMode)
 .text._ZN15MicroBitStorage4sizeEv
                0x000000000001bb0c       0x60 ym/microbit-dal/source/microbit-dal.a(MicroBitStorage.cpp.o)
                0x000000000001bb0c                MicroBitStorage::size()
 .text._ZN15MicroBitStorage3putEPKcPhi
                0x000000000001bb6c      0x1ac ym/microbit-dal/source/microbit-dal.a(MicroBitStorage.cpp.o)
                0x000000000001bb6c                MicroBitStorage::put(char const*, unsigned char*, int)
 .text._ZL18nvmc_event_handlerm
                0x000000000001bd18       0x10 ym/microbit-dal/source/microbit-dal.a(MicroBitFlash.cpp.o)
 .text._ZN13MicroBitFlashC2Ev
                0x000000000001bd28       0x24 ym/microbit-dal/source/microbit-dal.a(MicroBitFlash.cpp.o)
                0x000000000001bd28                MicroBitFlash::MicroBitFlash()
                0x000000000001bd28                MicroBitFlash::MicroBitFlash()
 .text._ZN13MicroBitFlash10erase_pageEPm
                0x000000000001bd4c       0x70 ym/microbit-dal/source/microbit-dal.a(MicroBitFlash.cpp.o)
                0x000000000001bd4c                MicroBitFlash::erase_page(unsigned long*)
 .text._ZN13MicroBitFlash10flash_burnEPmS0_i
                0x000000000001bdbc       0x80 ym/microbit-dal/source/microbit-dal.a(MicroBitFlash.cpp.o)
                0x000000000001bdbc                MicroBitFlash::flash_burn(unsigned long*, unsigned long*, int)
 .text._ZN13MicroBitFlash11flash_writeEPvS0_iS0_
                0x000000000001be3c       0xdc ym/microbit-dal/source/microbit-dal.a(MicroBitFlash.cpp.o)
                0x000000000001be3c                MicroBitFlash::flash_write(void*, void*, int, void*)
 .text._ZL25bleSysAttrMissingCallbackPK32GattSysAttrMissingCallbackParams
                0x000000000001bf18       0xc4 ym/microbit-dal/source/microbit-dal.a(MicroBitBLEManager.cpp.o)
 .text._ZN18MicroBitBLEManager8idleTickEv
                0x000000000001bfdc      0x114 ym/microbit-dal/source/microbit-dal.a(MicroBitBLEManager.cpp.o)
                0x000000000001bfdc                MicroBitBLEManager::idleTick()
 .text._ZN18GapAdvertisingData8addFieldENS_10DataType_tEPKhhPh
                0x000000000001c0f0       0xac ym/microbit-dal/source/microbit-dal.a(MicroBitBLEManager.cpp.o)
                0x000000000001c0f0                GapAdvertisingData::addField(GapAdvertisingData::DataType_t, unsigned char const*, unsigned char, unsigned char*)
 .text._ZN18GattCharacteristicC2ERK4UUIDPhtthPP13GattAttributejb
                0x000000000001c19c       0x94 ym/microbit-dal/source/microbit-dal.a(MicroBitBLEManager.cpp.o)
                0x000000000001c19c                GattCharacteristic::GattCharacteristic(UUID const&, unsigned char*, unsigned short, unsigned short, unsigned char, GattAttribute**, unsigned int, bool)
                0x000000000001c19c                GattCharacteristic::GattCharacteristic(UUID const&, unsigned char*, unsigned short, unsigned short, unsigned char, GattAttribute**, unsigned int, bool)
 .text._ZN3BLE22setAdvertisingIntervalEt
                0x000000000001c230       0x3c ym/microbit-dal/source/microbit-dal.a(MicroBitBLEManager.cpp.o)
                0x000000000001c230                BLE::setAdvertisingInterval(unsigned short)
 .text._ZN24DeviceInformationServiceC2ER3BLEPKcS3_S3_S3_S3_S3_
                0x000000000001c26c      0x1d8 ym/microbit-dal/source/microbit-dal.a(MicroBitBLEManager.cpp.o)
                0x000000000001c26c                DeviceInformationService::DeviceInformationService(BLE&, char const*, char const*, char const*, char const*, char const*, char const*)
                0x000000000001c26c                DeviceInformationService::DeviceInformationService(BLE&, char const*, char const*, char const*, char const*, char const*, char const*)
 .text._ZN18MicroBitBLEManagerC2ER15MicroBitStorage
                0x000000000001c444       0x38 ym/microbit-dal/source/microbit-dal.a(MicroBitBLEManager.cpp.o)
                0x000000000001c444                MicroBitBLEManager::MicroBitBLEManager(MicroBitStorage&)
                0x000000000001c444                MicroBitBLEManager::MicroBitBLEManager(MicroBitStorage&)
 .text._ZL24bleDisconnectionCallbackPKN3Gap29DisconnectionCallbackParams_tE
                0x000000000001c47c       0x3c ym/microbit-dal/source/microbit-dal.a(MicroBitBLEManager.cpp.o)
 .text._ZN18MicroBitBLEManager16setTransmitPowerEi
                0x000000000001c4b8       0x30 ym/microbit-dal/source/microbit-dal.a(MicroBitBLEManager.cpp.o)
                0x000000000001c4b8                MicroBitBLEManager::setTransmitPower(int)
 .text._ZN18MicroBitBLEManager4initE13ManagedStringS0_R10EventModelb
                0x000000000001c4e8      0x2a4 ym/microbit-dal/source/microbit-dal.a(MicroBitBLEManager.cpp.o)
                0x000000000001c4e8                MicroBitBLEManager::init(ManagedString, ManagedString, EventModel&, bool)
 .text._ZL22passkeyDisplayCallbacktPKh
                0x000000000001c78c       0x34 ym/microbit-dal/source/microbit-dal.a(MicroBitBLEManager.cpp.o)
 .text._ZL30securitySetupCompletedCallbacktN15SecurityManager26SecurityCompletionStatus_tE
                0x000000000001c7c0       0x40 ym/microbit-dal/source/microbit-dal.a(MicroBitBLEManager.cpp.o)
 .text._Z15on_confirmationt
                0x000000000001c800       0x34 ym/microbit-dal/source/microbit-dal.a(MicroBitUARTService.cpp.o)
                0x000000000001c800                on_confirmation(unsigned short)
 .text._ZN19MicroBitUARTServiceC2ER3BLEhh
                0x000000000001c834      0x24c ym/microbit-dal/source/microbit-dal.a(MicroBitUARTService.cpp.o)
                0x000000000001c834                MicroBitUARTService::MicroBitUARTService(BLE&, unsigned char, unsigned char)
                0x000000000001c834                MicroBitUARTService::MicroBitUARTService(BLE&, unsigned char, unsigned char)
 .text._ZN19MicroBitUARTService10eventAfterEi18MicroBitSerialMode
                0x000000000001ca80       0x34 ym/microbit-dal/source/microbit-dal.a(MicroBitUARTService.cpp.o)
                0x000000000001ca80                MicroBitUARTService::eventAfter(int, MicroBitSerialMode)
 .text._ZN19MicroBitUARTService4getcE18MicroBitSerialMode
                0x000000000001cab4       0x50 ym/microbit-dal/source/microbit-dal.a(MicroBitUARTService.cpp.o)
                0x000000000001cab4                MicroBitUARTService::getc(MicroBitSerialMode)
 .text._ZN19MicroBitUARTService14txBufferedSizeEv
                0x000000000001cb04       0x20 ym/microbit-dal/source/microbit-dal.a(MicroBitUARTService.cpp.o)
                0x000000000001cb04                MicroBitUARTService::txBufferedSize()
 .text._ZN19MicroBitUARTService4sendEPKhi18MicroBitSerialMode
                0x000000000001cb24      0x168 ym/microbit-dal/source/microbit-dal.a(MicroBitUARTService.cpp.o)
                0x000000000001cb24                MicroBitUARTService::send(unsigned char const*, int, MicroBitSerialMode)
 .text          0x000000000001cc8c      0x124 ym/microbit-dal/source/microbit-dal.a(CortexContextSwitch.s.obj)
                0x000000000001cc8c                swap_context
                0x000000000001cd0e                save_context
                0x000000000001cd52                save_register_context
                0x000000000001cd82                restore_register_context
 .text._ZN13MicroBitImageC2Ev
                0x000000000001cdb0        0xc ym/microbit-dal/source/microbit-dal.a(MicroBitImage.cpp.o)
                0x000000000001cdb0                MicroBitImage::MicroBitImage()
                0x000000000001cdb0                MicroBitImage::MicroBitImage()
 .text._ZN13MicroBitImage10printImageEssPKh
                0x000000000001cdbc       0x5c ym/microbit-dal/source/microbit-dal.a(MicroBitImage.cpp.o)
                0x000000000001cdbc                MicroBitImage::printImage(short, short, unsigned char const*)
 .text._ZN13MicroBitImage4initEssPKh
                0x000000000001ce18       0x4c ym/microbit-dal/source/microbit-dal.a(MicroBitImage.cpp.o)
                0x000000000001ce18                MicroBitImage::init(short, short, unsigned char const*)
 .text._ZN13MicroBitImage5printEcss
                0x000000000001ce64       0x94 ym/microbit-dal/source/microbit-dal.a(MicroBitImage.cpp.o)
                0x000000000001ce64                MicroBitImage::print(char, short, short)
 .text._ZN13MicroBitImage9shiftLeftEs
                0x000000000001cef8       0x54 ym/microbit-dal/source/microbit-dal.a(MicroBitImage.cpp.o)
                0x000000000001cef8                MicroBitImage::shiftLeft(short)
 .text.startup._GLOBAL__sub_I__ZN13MicroBitImage10EmptyImageE
                0x000000000001cf4c       0x28 ym/microbit-dal/source/microbit-dal.a(MicroBitImage.cpp.o)
 .text._ZN3BLEC2Ej
                0x000000000001cf74       0x2c ym/ble/source/ble.a(BLE.cpp.o)
                0x000000000001cf74                BLE::BLE(unsigned int)
                0x000000000001cf74                BLE::BLE(unsigned int)
 .text._ZN3BLE8InstanceEj
                0x000000000001cfa0       0x44 ym/ble/source/ble.a(BLE.cpp.o)
                0x000000000001cfa0                BLE::Instance(unsigned int)
 .text._ZN3BLE8shutdownEv
                0x000000000001cfe4       0x20 ym/ble/source/ble.a(BLE.cpp.o)
                0x000000000001cfe4                BLE::shutdown()
 .text._ZNK3BLE3gapEv
                0x000000000001d004       0x20 ym/ble/source/ble.a(BLE.cpp.o)
                0x000000000001d004                BLE::gap() const
 .text._ZN3BLE3gapEv
                0x000000000001d024       0x20 ym/ble/source/ble.a(BLE.cpp.o)
                0x000000000001d024                BLE::gap()
 .text._ZN3BLE10gattServerEv
                0x000000000001d044       0x20 ym/ble/source/ble.a(BLE.cpp.o)
                0x000000000001d044                BLE::gattServer()
 .text._ZN3BLE15securityManagerEv
                0x000000000001d064       0x20 ym/ble/source/ble.a(BLE.cpp.o)
                0x000000000001d064                BLE::securityManager()
 .text._ZL16sys_evt_dispatchm
                0x000000000001d084       0x1c ym/ble-nrf51822/source/ble-nrf51822.a(btle.cpp.o)
 .text._ZL12btle_handlerP9ble_evt_t
                0x000000000001d0a0      0x184 ym/ble-nrf51822/source/ble-nrf51822.a(btle.cpp.o)
 .text.btle_set_gatt_table_size
                0x000000000001d224       0x14 ym/ble-nrf51822/source/ble-nrf51822.a(btle.cpp.o)
                0x000000000001d224                btle_set_gatt_table_size
 .text.btle_set_user_evt_handler
                0x000000000001d238        0xc ym/ble-nrf51822/source/ble-nrf51822.a(btle.cpp.o)
                0x000000000001d238                btle_set_user_evt_handler
 .text.btle_init
                0x000000000001d244       0xa4 ym/ble-nrf51822/source/ble-nrf51822.a(btle.cpp.o)
                0x000000000001d244                btle_init
 .text.app_error_handler
                0x000000000001d2e8       0x20 ym/ble-nrf51822/source/ble-nrf51822.a(btle.cpp.o)
                0x000000000001d2e8                app_error_handler
 .text._Z13btle_gap_initv
                0x000000000001d308       0x54 ym/ble-nrf51822/source/ble-nrf51822.a(btle_gap.cpp.o)
                0x000000000001d308                btle_gap_init()
 .text._ZN15nRF5xGattServer4readEtPhPt
                0x000000000001d35c       0x1c ym/ble-nrf51822/source/ble-nrf51822.a(nRF5xGattServer.cpp.o)
                0x000000000001d35c                nRF5xGattServer::read(unsigned short, unsigned char*, unsigned short*)
 .text._ZN15nRF5xGattServer5writeEtPKhtb
                0x000000000001d378       0x20 ym/ble-nrf51822/source/ble-nrf51822.a(nRF5xGattServer.cpp.o)
                0x000000000001d378                nRF5xGattServer::write(unsigned short, unsigned char const*, unsigned short, bool)
 .text._ZN15nRF5xGattServer5writeEttPKhtb
                0x000000000001d398       0xe8 ym/ble-nrf51822/source/ble-nrf51822.a(nRF5xGattServer.cpp.o)
                0x000000000001d398                nRF5xGattServer::write(unsigned short, unsigned short, unsigned char const*, unsigned short, bool)
 .text._ZN15nRF5xGattServer10addServiceER11GattService
                0x000000000001d480      0x1d0 ym/ble-nrf51822/source/ble-nrf51822.a(nRF5xGattServer.cpp.o)
                0x000000000001d480                nRF5xGattServer::addService(GattService&)
 .text._ZN10GattServer5resetEv
                0x000000000001d650       0xd8 ym/ble-nrf51822/source/ble-nrf51822.a(nRF5xGattServer.cpp.o)
                0x000000000001d650                GattServer::reset()
 .text._ZN15nRF5xGattServer5resetEv
                0x000000000001d728       0x50 ym/ble-nrf51822/source/ble-nrf51822.a(nRF5xGattServer.cpp.o)
                0x000000000001d728                nRF5xGattServer::reset()
 .text._ZNK8SafeBoolI26FunctionPointerWithContextItEEcvMN9SafeBool_4baseEKFvvEEv
                0x000000000001d778       0x18 ym/ble-nrf51822/source/ble-nrf51822.a(nRF5xGattServer.cpp.o)
                0x000000000001d778                SafeBool<FunctionPointerWithContext<unsigned short> >::operator void (SafeBool_::base::*)() const() const
 .text._ZNK3Gap25getMaxAdvertisingIntervalEv
                0x000000000001d790        0x8 ym/ble-nrf51822/source/ble-nrf51822.a(nRF5xn.cpp.o)
                0x000000000001d790                Gap::getMaxAdvertisingInterval() const
 .text._ZN6nRF5xn10getVersionEv
                0x000000000001d798       0x78 ym/ble-nrf51822/source/ble-nrf51822.a(nRF5xn.cpp.o)
                0x000000000001d798                nRF5xn::getVersion()
 .text._ZN38CallChainOfFunctionPointersWithContextIPK23GattWriteCallbackParamsED2Ev
                0x000000000001d810       0x14 ym/ble-nrf51822/source/ble-nrf51822.a(nRF5xn.cpp.o)
                0x000000000001d810                CallChainOfFunctionPointersWithContext<GattWriteCallbackParams const*>::~CallChainOfFunctionPointersWithContext()
                0x000000000001d810                CallChainOfFunctionPointersWithContext<GattWriteCallbackParams const*>::~CallChainOfFunctionPointersWithContext()
 .text._ZN38CallChainOfFunctionPointersWithContextIPK22GattReadCallbackParamsED2Ev
                0x000000000001d824       0x14 ym/ble-nrf51822/source/ble-nrf51822.a(nRF5xn.cpp.o)
                0x000000000001d824                CallChainOfFunctionPointersWithContext<GattReadCallbackParams const*>::~CallChainOfFunctionPointersWithContext()
                0x000000000001d824                CallChainOfFunctionPointersWithContext<GattReadCallbackParams const*>::~CallChainOfFunctionPointersWithContext()
 .text._ZN10GattClient16discoverServicesEt26FunctionPointerWithContextIPK17DiscoveredServiceERK4UUID
                0x000000000001d838       0x60 ym/ble-nrf51822/source/ble-nrf51822.a(nRF5xn.cpp.o)
                0x000000000001d838                GattClient::discoverServices(unsigned short, FunctionPointerWithContext<DiscoveredService const*>, UUID const&)
 .text._ZN38CallChainOfFunctionPointersWithContextIN3Gap15TimeoutSource_tEED2Ev
                0x000000000001d898       0x20 ym/ble-nrf51822/source/ble-nrf51822.a(nRF5xn.cpp.o)
                0x000000000001d898                CallChainOfFunctionPointersWithContext<Gap::TimeoutSource_t>::~CallChainOfFunctionPointersWithContext()
                0x000000000001d898                CallChainOfFunctionPointersWithContext<Gap::TimeoutSource_t>::~CallChainOfFunctionPointersWithContext()
 .text._ZN38CallChainOfFunctionPointersWithContextIPK15SecurityManagerED2Ev
                0x000000000001d8b8       0x20 ym/ble-nrf51822/source/ble-nrf51822.a(nRF5xn.cpp.o)
                0x000000000001d8b8                CallChainOfFunctionPointersWithContext<SecurityManager const*>::~CallChainOfFunctionPointersWithContext()
                0x000000000001d8b8                CallChainOfFunctionPointersWithContext<SecurityManager const*>::~CallChainOfFunctionPointersWithContext()
 .text._ZN38CallChainOfFunctionPointersWithContextIjED2Ev
                0x000000000001d8d8       0x20 ym/ble-nrf51822/source/ble-nrf51822.a(nRF5xn.cpp.o)
                0x000000000001d8d8                CallChainOfFunctionPointersWithContext<unsigned int>::~CallChainOfFunctionPointersWithContext()
                0x000000000001d8d8                CallChainOfFunctionPointersWithContext<unsigned int>::~CallChainOfFunctionPointersWithContext()
 .text._ZN38CallChainOfFunctionPointersWithContextIPK32GattSysAttrMissingCallbackParamsED2Ev
                0x000000000001d8f8       0x20 ym/ble-nrf51822/source/ble-nrf51822.a(nRF5xn.cpp.o)
                0x000000000001d8f8                CallChainOfFunctionPointersWithContext<GattSysAttrMissingCallbackParams const*>::~CallChainOfFunctionPointersWithContext()
                0x000000000001d8f8                CallChainOfFunctionPointersWithContext<GattSysAttrMissingCallbackParams const*>::~CallChainOfFunctionPointersWithContext()
 .text._ZN38CallChainOfFunctionPointersWithContextIPK10GattServerED2Ev
                0x000000000001d918       0x20 ym/ble-nrf51822/source/ble-nrf51822.a(nRF5xn.cpp.o)
                0x000000000001d918                CallChainOfFunctionPointersWithContext<GattServer const*>::~CallChainOfFunctionPointersWithContext()
                0x000000000001d918                CallChainOfFunctionPointersWithContext<GattServer const*>::~CallChainOfFunctionPointersWithContext()
 .text._ZN38CallChainOfFunctionPointersWithContextIPKN3Gap29DisconnectionCallbackParams_tEED2Ev
                0x000000000001d938       0x20 ym/ble-nrf51822/source/ble-nrf51822.a(nRF5xn.cpp.o)
                0x000000000001d938                CallChainOfFunctionPointersWithContext<Gap::DisconnectionCallbackParams_t const*>::~CallChainOfFunctionPointersWithContext()
                0x000000000001d938                CallChainOfFunctionPointersWithContext<Gap::DisconnectionCallbackParams_t const*>::~CallChainOfFunctionPointersWithContext()
 .text._ZN38CallChainOfFunctionPointersWithContextIPK3GapED2Ev
                0x000000000001d958       0x20 ym/ble-nrf51822/source/ble-nrf51822.a(nRF5xn.cpp.o)
                0x000000000001d958                CallChainOfFunctionPointersWithContext<Gap const*>::~CallChainOfFunctionPointersWithContext()
                0x000000000001d958                CallChainOfFunctionPointersWithContext<Gap const*>::~CallChainOfFunctionPointersWithContext()
 .text._ZN38CallChainOfFunctionPointersWithContextIPKN3Gap26ConnectionCallbackParams_tEED2Ev
                0x000000000001d978       0x20 ym/ble-nrf51822/source/ble-nrf51822.a(nRF5xn.cpp.o)
                0x000000000001d978                CallChainOfFunctionPointersWithContext<Gap::ConnectionCallbackParams_t const*>::~CallChainOfFunctionPointersWithContext()
                0x000000000001d978                CallChainOfFunctionPointersWithContext<Gap::ConnectionCallbackParams_t const*>::~CallChainOfFunctionPointersWithContext()
 .text._ZN38CallChainOfFunctionPointersWithContextIPK21GattHVXCallbackParamsED2Ev
                0x000000000001d998       0x20 ym/ble-nrf51822/source/ble-nrf51822.a(nRF5xn.cpp.o)
                0x000000000001d998                CallChainOfFunctionPointersWithContext<GattHVXCallbackParams const*>::~CallChainOfFunctionPointersWithContext()
                0x000000000001d998                CallChainOfFunctionPointersWithContext<GattHVXCallbackParams const*>::~CallChainOfFunctionPointersWithContext()
 .text._ZN38CallChainOfFunctionPointersWithContextIPK10GattClientED2Ev
                0x000000000001d9b8       0x20 ym/ble-nrf51822/source/ble-nrf51822.a(nRF5xn.cpp.o)
                0x000000000001d9b8                CallChainOfFunctionPointersWithContext<GattClient const*>::~CallChainOfFunctionPointersWithContext()
                0x000000000001d9b8                CallChainOfFunctionPointersWithContext<GattClient const*>::~CallChainOfFunctionPointersWithContext()
 .text._ZN6nRF5xn13getGattClientEv
                0x000000000001d9d8       0x54 ym/ble-nrf51822/source/ble-nrf51822.a(nRF5xn.cpp.o)
                0x000000000001d9d8                nRF5xn::getGattClient()
 .text._ZN6nRF5xn18getSecurityManagerEv
                0x000000000001da2c       0x34 ym/ble-nrf51822/source/ble-nrf51822.a(nRF5xn.cpp.o)
                0x000000000001da2c                nRF5xn::getSecurityManager()
 .text._ZNK6nRF5xn18getSecurityManagerEv
                0x000000000001da60       0x34 ym/ble-nrf51822/source/ble-nrf51822.a(nRF5xn.cpp.o)
                0x000000000001da60                nRF5xn::getSecurityManager() const
 .text._ZN6nRF5xnD2Ev
                0x000000000001da94       0x54 ym/ble-nrf51822/source/ble-nrf51822.a(nRF5xn.cpp.o)
                0x000000000001da94                nRF5xn::~nRF5xn()
                0x000000000001da94                nRF5xn::~nRF5xn()
 .text._ZN3Gap5resetEv
                0x000000000001dae8       0xe0 ym/ble-nrf51822/source/ble-nrf51822.a(nRF5xn.cpp.o)
                0x000000000001dae8                Gap::reset()
 .text._ZN6nRF5xnC2Ev
                0x000000000001dbc8      0x11c ym/ble-nrf51822/source/ble-nrf51822.a(nRF5xn.cpp.o)
                0x000000000001dbc8                nRF5xn::nRF5xn()
                0x000000000001dbc8                nRF5xn::nRF5xn()
 .text._ZN6nRF5xn8InstanceEj
                0x000000000001dce4       0x24 ym/ble-nrf51822/source/ble-nrf51822.a(nRF5xn.cpp.o)
                0x000000000001dce4                nRF5xn::Instance(unsigned int)
 .text._ZN26FunctionPointerWithContextItEC2EPFvtE
                0x000000000001dd08       0x20 ym/ble-nrf51822/source/ble-nrf51822.a(nRF5xn.cpp.o)
                0x000000000001dd08                FunctionPointerWithContext<unsigned short>::FunctionPointerWithContext(void (*)(unsigned short))
                0x000000000001dd08                FunctionPointerWithContext<unsigned short>::FunctionPointerWithContext(void (*)(unsigned short))
 .text._ZN15nRF5xGattServerC2Ev
                0x000000000001dd28       0xc0 ym/ble-nrf51822/source/ble-nrf51822.a(nRF5xn.cpp.o)
                0x000000000001dd28                nRF5xGattServer::nRF5xGattServer()
                0x000000000001dd28                nRF5xGattServer::nRF5xGattServer()
 .text._ZL10dm_handlerPK13device_handlePK10dm_event_tm
                0x000000000001dde8       0xac ym/ble-nrf51822/source/ble-nrf51822.a(btle_security.cpp.o)
 .text._Z27btle_hasInitializedSecurityv
                0x000000000001de94        0xc ym/ble-nrf51822/source/ble-nrf51822.a(btle_security.cpp.o)
                0x000000000001de94                btle_hasInitializedSecurity()
 .text._Z23btle_initializeSecuritybbN15SecurityManager24SecurityIOCapabilities_tEPKh
                0x000000000001dea0       0xd8 ym/ble-nrf51822/source/ble-nrf51822.a(btle_security.cpp.o)
                0x000000000001dea0                btle_initializeSecurity(bool, bool, SecurityManager::SecurityIOCapabilities_t, unsigned char const*)
 .text._Z25btle_purgeAllBondingStatev
                0x000000000001df78       0x24 ym/ble-nrf51822/source/ble-nrf51822.a(btle_security.cpp.o)
                0x000000000001df78                btle_purgeAllBondingState()
 .text._Z20btle_getLinkSecuritytPN15SecurityManager20LinkSecurityStatus_tE
                0x000000000001df9c       0x48 ym/ble-nrf51822/source/ble-nrf51822.a(btle_security.cpp.o)
                0x000000000001df9c                btle_getLinkSecurity(unsigned short, SecurityManager::LinkSecurityStatus_t*)
 .text._Z20btle_setLinkSecuritytN15SecurityManager14SecurityMode_tE
                0x000000000001dfe4       0x48 ym/ble-nrf51822/source/ble-nrf51822.a(btle_security.cpp.o)
                0x000000000001dfe4                btle_setLinkSecurity(unsigned short, SecurityManager::SecurityMode_t)
 .text._Z33btle_createWhitelistFromBondTableP19ble_gap_whitelist_t
                0x000000000001e02c       0x30 ym/ble-nrf51822/source/ble-nrf51822.a(btle_security.cpp.o)
                0x000000000001e02c                btle_createWhitelistFromBondTable(ble_gap_whitelist_t*)
 .text.custom_convert_to_nordic_uuid
                0x000000000001e05c       0xa4 ym/ble-nrf51822/source/ble-nrf51822.a(custom_helper.cpp.o)
                0x000000000001e05c                custom_convert_to_nordic_uuid
 .text._ZN8nRF5xGap25getPermittedTxPowerValuesEPPKaPj
                0x000000000001e100       0x10 ym/ble-nrf51822/source/ble-nrf51822.a(nRF5xGap.cpp.o)
                0x000000000001e100                nRF5xGap::getPermittedTxPowerValues(signed char const**, unsigned int*)
 .text._Z31radioNotificationStaticCallbackb
                0x000000000001e110       0x3c ym/ble-nrf51822/source/ble-nrf51822.a(nRF5xGap.cpp.o)
                0x000000000001e110                radioNotificationStaticCallback(bool)
 .text._ZN8nRF5xGap21initRadioNotificationEv
                0x000000000001e14c       0x1c ym/ble-nrf51822/source/ble-nrf51822.a(nRF5xGap.cpp.o)
                0x000000000001e14c                nRF5xGap::initRadioNotification()
 .text._ZN8nRF5xGap22generateStackWhitelistER19ble_gap_whitelist_t
                0x000000000001e168       0xe8 ym/ble-nrf51822/source/ble-nrf51822.a(nRF5xGap.cpp.o)
                0x000000000001e168                nRF5xGap::generateStackWhitelist(ble_gap_whitelist_t&)
 .text._ZN8nRF5xGap16startAdvertisingERK20GapAdvertisingParams
                0x000000000001e250       0xa8 ym/ble-nrf51822/source/ble-nrf51822.a(nRF5xGap.cpp.o)
                0x000000000001e250                nRF5xGap::startAdvertising(GapAdvertisingParams const&)
 .text._ZN8nRF5xGap7connectEPKhN11BLEProtocol11AddressType4TypeEPKN3Gap18ConnectionParams_tEPK17GapScanningParams
                0x000000000001e2f8       0xf0 ym/ble-nrf51822/source/ble-nrf51822.a(nRF5xGap.cpp.o)
                0x000000000001e2f8                nRF5xGap::connect(unsigned char const*, BLEProtocol::AddressType::Type, Gap::ConnectionParams_t const*, GapScanningParams const*)
 .text._ZN17GapScanningParamsC2Etttb
                0x000000000001e3e8       0x6c ym/ble/source/ble.a(GapScanningParams.cpp.o)
                0x000000000001e3e8                GapScanningParams::GapScanningParams(unsigned short, unsigned short, unsigned short, bool)
                0x000000000001e3e8                GapScanningParams::GapScanningParams(unsigned short, unsigned short, unsigned short, bool)
 .text.intern_softdevice_events_execute
                0x000000000001e454       0xb0 ym/nrf51-sdk/source/nrf51-sdk.a(softdevice_handler.c.o)
                0x000000000001e454                intern_softdevice_events_execute
 .text.softdevice_handler_init
                0x000000000001e504       0x48 ym/nrf51-sdk/source/nrf51-sdk.a(softdevice_handler.c.o)
                0x000000000001e504                softdevice_handler_init
 .text.softdevice_handler_sd_disable
                0x000000000001e54c       0x18 ym/nrf51-sdk/source/nrf51-sdk.a(softdevice_handler.c.o)
                0x000000000001e54c                softdevice_handler_sd_disable
 .text.softdevice_ble_evt_handler_set
                0x000000000001e564       0x14 ym/nrf51-sdk/source/nrf51-sdk.a(softdevice_handler.c.o)
                0x000000000001e564                softdevice_ble_evt_handler_set
 .text.softdevice_sys_evt_handler_set
                0x000000000001e578       0x14 ym/nrf51-sdk/source/nrf51-sdk.a(softdevice_handler.c.o)
                0x000000000001e578                softdevice_sys_evt_handler_set
 .text.SWI2_IRQHandler
                0x000000000001e58c       0x24 ym/nrf51-sdk/source/nrf51-sdk.a(softdevice_handler.c.o)
                0x000000000001e58c                SWI2_IRQHandler
 .text.SWI1_IRQHandler
                0x000000000001e5b0       0x20 ym/nrf51-sdk/source/nrf51-sdk.a(ble_radio_notification.c.o)
                0x000000000001e5b0                SWI1_IRQHandler
 .text.ble_radio_notification_init
                0x000000000001e5d0       0x38 ym/nrf51-sdk/source/nrf51-sdk.a(ble_radio_notification.c.o)
                0x000000000001e5d0                ble_radio_notification_init
 .text.pstorage_flash_page_end
                0x000000000001e608       0x20 ym/nrf51-sdk/source/nrf51-sdk.a(pstorage.c.o)
 .text.swap_sub_state_entry_action_run
                0x000000000001e628       0x18 ym/nrf51-sdk/source/nrf51-sdk.a(pstorage.c.o)
 .text.app_notify
                0x000000000001e640       0x2c ym/nrf51-sdk/source/nrf51-sdk.a(pstorage.c.o)
 .text.is_page_erase_required
                0x000000000001e66c       0x50 ym/nrf51-sdk/source/nrf51-sdk.a(pstorage.c.o)
 .text.swap_sub_state_err_busy_process
                0x000000000001e6bc       0x18 ym/nrf51-sdk/source/nrf51-sdk.a(pstorage.c.o)
 .text.data_to_swap_write_state_run
                0x000000000001e6d4       0x30 ym/nrf51-sdk/source/nrf51-sdk.a(pstorage.c.o)
 .text.swap_erase_state_run
                0x000000000001e704       0x24 ym/nrf51-sdk/source/nrf51-sdk.a(pstorage.c.o)
 .text.flash_api_err_code_process
                0x000000000001e728       0x40 ym/nrf51-sdk/source/nrf51-sdk.a(pstorage.c.o)
 .text.store_cmd_flash_write_execute
                0x000000000001e768       0x60 ym/nrf51-sdk/source/nrf51-sdk.a(pstorage.c.o)
 .text.state_restore_head_entry_run
                0x000000000001e7c8       0x34 ym/nrf51-sdk/source/nrf51-sdk.a(pstorage.c.o)
 .text.state_restore_tail_entry_run
                0x000000000001e7fc       0x48 ym/nrf51-sdk/source/nrf51-sdk.a(pstorage.c.o)
 .text.state_write_data_swap_entry_run
                0x000000000001e844       0x2c ym/nrf51-sdk/source/nrf51-sdk.a(pstorage.c.o)
 .text.state_entry_action_run
                0x000000000001e870       0xd4 ym/nrf51-sdk/source/nrf51-sdk.a(pstorage.c.o)
 .text.clear_operation_execute
                0x000000000001e944      0x158 ym/nrf51-sdk/source/nrf51-sdk.a(pstorage.c.o)
 .text.cmd_process
                0x000000000001ea9c       0x3c ym/nrf51-sdk/source/nrf51-sdk.a(pstorage.c.o)
 .text.unlikely.cmd_queue_enqueue
                0x000000000001ead8       0x54 ym/nrf51-sdk/source/nrf51-sdk.a(pstorage.c.o)
 .text.command_end_procedure_run
                0x000000000001eb2c       0x50 ym/nrf51-sdk/source/nrf51-sdk.a(pstorage.c.o)
 .text.clear_post_processing_run
                0x000000000001eb7c       0x2c ym/nrf51-sdk/source/nrf51-sdk.a(pstorage.c.o)
 .text.head_restore_state_run
                0x000000000001eba8       0x94 ym/nrf51-sdk/source/nrf51-sdk.a(pstorage.c.o)
 .text.tail_restore_state_run
                0x000000000001ec3c       0x1c ym/nrf51-sdk/source/nrf51-sdk.a(pstorage.c.o)
 .text.data_page_erase_state_run
                0x000000000001ec58       0x6c ym/nrf51-sdk/source/nrf51-sdk.a(pstorage.c.o)
 .text.flash_operation_success_run
                0x000000000001ecc4       0x98 ym/nrf51-sdk/source/nrf51-sdk.a(pstorage.c.o)
 .text.state_erase_data_page_entry_run
                0x000000000001ed5c       0x10 ym/nrf51-sdk/source/nrf51-sdk.a(pstorage.c.o)
 .text.pstorage_sys_event_handler
                0x000000000001ed6c       0x64 ym/nrf51-sdk/source/nrf51-sdk.a(pstorage.c.o)
                0x000000000001ed6c                pstorage_sys_event_handler
 .text.pstorage_init
                0x000000000001edd0       0x84 ym/nrf51-sdk/source/nrf51-sdk.a(pstorage.c.o)
                0x000000000001edd0                pstorage_init
 .text.pstorage_register
                0x000000000001ee54       0xc4 ym/nrf51-sdk/source/nrf51-sdk.a(pstorage.c.o)
                0x000000000001ee54                pstorage_register
 .text.pstorage_block_identifier_get
                0x000000000001ef18       0x4c ym/nrf51-sdk/source/nrf51-sdk.a(pstorage.c.o)
                0x000000000001ef18                pstorage_block_identifier_get
 .text.pstorage_store
                0x000000000001ef64       0x7c ym/nrf51-sdk/source/nrf51-sdk.a(pstorage.c.o)
                0x000000000001ef64                pstorage_store
 .text.pstorage_update
                0x000000000001efe0       0x7c ym/nrf51-sdk/source/nrf51-sdk.a(pstorage.c.o)
                0x000000000001efe0                pstorage_update
 .text.pstorage_load
                0x000000000001f05c       0x98 ym/nrf51-sdk/source/nrf51-sdk.a(pstorage.c.o)
                0x000000000001f05c                pstorage_load
 .text.pstorage_clear
                0x000000000001f0f4       0x88 ym/nrf51-sdk/source/nrf51-sdk.a(pstorage.c.o)
                0x000000000001f0f4                pstorage_clear
 .text.gatts_context_store
                0x000000000001f17c       0xb8 ym/nrf51-sdk/source/nrf51-sdk.a(device_manager_peripheral.c.o)
 .text.device_context_store
                0x000000000001f234       0xb8 ym/nrf51-sdk/source/nrf51-sdk.a(device_manager_peripheral.c.o)
 .text.gatts_context_apply
                0x000000000001f2ec       0xc4 ym/nrf51-sdk/source/nrf51-sdk.a(device_manager_peripheral.c.o)
 .text.gatts_context_load
                0x000000000001f3b0       0x34 ym/nrf51-sdk/source/nrf51-sdk.a(device_manager_peripheral.c.o)
 .text.dm_pstorage_cb_handler
                0x000000000001f3e4      0x134 ym/nrf51-sdk/source/nrf51-sdk.a(device_manager_peripheral.c.o)
 .text.peer_instance_init
                0x000000000001f518       0x44 ym/nrf51-sdk/source/nrf51-sdk.a(device_manager_peripheral.c.o)
 .text.device_instance_free
                0x000000000001f55c       0x2c ym/nrf51-sdk/source/nrf51-sdk.a(device_manager_peripheral.c.o)
 .text.dm_init  0x000000000001f588       0xe0 ym/nrf51-sdk/source/nrf51-sdk.a(device_manager_peripheral.c.o)
                0x000000000001f588                dm_init
 .text.dm_register
                0x000000000001f668       0x74 ym/nrf51-sdk/source/nrf51-sdk.a(device_manager_peripheral.c.o)
                0x000000000001f668                dm_register
 .text.dm_security_status_req
                0x000000000001f6dc       0x70 ym/nrf51-sdk/source/nrf51-sdk.a(device_manager_peripheral.c.o)
                0x000000000001f6dc                dm_security_status_req
 .text.dm_whitelist_create
                0x000000000001f74c       0xb0 ym/nrf51-sdk/source/nrf51-sdk.a(device_manager_peripheral.c.o)
                0x000000000001f74c                dm_whitelist_create
 .text.dm_device_delete_all
                0x000000000001f7fc       0x58 ym/nrf51-sdk/source/nrf51-sdk.a(device_manager_peripheral.c.o)
                0x000000000001f7fc                dm_device_delete_all
 .text.bond_data_load
                0x000000000001f854       0x48 ym/nrf51-sdk/source/nrf51-sdk.a(device_manager_peripheral.c.o)
                0x000000000001f854                bond_data_load
 .text.address_to_device_id
                0x000000000001f89c       0x2c ym/nrf51-sdk/source/nrf51-sdk.a(device_manager_peripheral.c.o)
                0x000000000001f89c                address_to_device_id
 .text.dm_ble_evt_handler
                0x000000000001f8c8      0x394 ym/nrf51-sdk/source/nrf51-sdk.a(device_manager_peripheral.c.o)
                0x000000000001f8c8                dm_ble_evt_handler
 .text.dm_handle_get
                0x000000000001fc5c       0x48 ym/nrf51-sdk/source/nrf51-sdk.a(device_manager_peripheral.c.o)
                0x000000000001fc5c                dm_handle_get
 .text._ZN4mbed3I2CC2E7PinNameS1_
                0x000000000001fca4       0x30 ym/mbed-classic/existing/mbed-classic.a(I2C.cpp.o)
                0x000000000001fca4                mbed::I2C::I2C(PinName, PinName)
                0x000000000001fca4                mbed::I2C::I2C(PinName, PinName)
 .text._ZN4mbed3I2C6aquireEv
                0x000000000001fcd4       0x1c ym/mbed-classic/existing/mbed-classic.a(I2C.cpp.o)
                0x000000000001fcd4                mbed::I2C::aquire()
 .text._ZN4mbed9RawSerialC2E7PinNameS1_
                0x000000000001fcf0       0x14 ym/mbed-classic/existing/mbed-classic.a(RawSerial.cpp.o)
                0x000000000001fcf0                mbed::RawSerial::RawSerial(PinName, PinName)
                0x000000000001fcf0                mbed::RawSerial::RawSerial(PinName, PinName)
 .text._sbrk    0x000000000001fd04       0x28 ym/mbed-classic/existing/mbed-classic.a(retarget.cpp.o)
                0x000000000001fd04                _sbrk
 .text._ZN4mbed10SerialBaseC2E7PinNameS1_
                0x000000000001fd2c       0x3c ym/mbed-classic/existing/mbed-classic.a(SerialBase.cpp.o)
                0x000000000001fd2c                mbed::SerialBase::SerialBase(PinName, PinName)
                0x000000000001fd2c                mbed::SerialBase::SerialBase(PinName, PinName)
 .text._ZN4mbed7TimeoutD2Ev
                0x000000000001fd68       0x1c ym/mbed-classic/existing/mbed-classic.a(Timeout.cpp.o)